ASxxxx Linker V05.00,  page 1.
Hexidecimal  [16-Bits]

Area                       Addr        Size        Decimal Bytes (Attributes)
--------------------       ----        ----        ------- ----- ------------
.  .ABS.                   0000        0000 =           0. bytes (ABS,OVR,CSEG)

         Value  Global                             Global Defined In Module
         -----  --------------------------------   ------------------------
          0000  l__DATA                         
          0000  l__CODE                         
          0000  s__DATA                         
          0000  s__CODE                         
          0000  l_.data                         
          0000  l_.text.unlikely                
          0000  .__.ABS.                           crt0.c
          0000  l_.text.last                    
          0000  s_.cartridge                    
          0000  l_.text.hot                     
          0000  s_.direct                       
          0001  l_.0xffx                        
          0001  l_.0xf0                         
          0002  l_.0xe9                         
          0010  l_.dpd0                         
          0014  l_.bankswitch.data              
          0016  l_.dpcb                         
          0019  l_.dped                         
          001C  s_.bootloader                   
          001C  l_.cartridge                    
          001E  l_.0xe7                         
          0021  l_.dpfc                         
          002A  l_.bankswitch.code              
          003E  l_.bootloader                   
          005A  s_.bankswitch.data              
          0068  l_.0xf7                         
          006E  s_.bankswitch.code              
          007A  l_.dpff                         
          0080  l_.dpc8                         
          0092  l_.0xf6                         
          0095  l_.0xf4                         
          0098  s_.text                         
          009D  l_.0xf9                         
          00A7  l_.0xf2                         
          00AD  l_.0xf1                         
          00B3  l_.0xea                         
          00C7  l_.dpfd                         
          00CB  l_.0xf8                         
          00D1  l_.dpfe                         
          00D8  l_.0xf3                         
          00EF  l_.0xf5                         
          0100  l_.direct                       
          0278  l_.bss                          
          7AC7  l_.text                         
          7B5F  s_.text.unlikely                
          7B5F  s_.text.last                    
          7B5F  s_.text.hot                     
          C800  s_.dpc8                         
          C880  s_.bss                          
          C880  s_.data                         
ASxxxx Linker V05.00,  page 2.
Hexidecimal  [16-Bits]

Area                       Addr        Size        Decimal Bytes (Attributes)
--------------------       ----        ----        ------- ----- ------------
.  .ABS.                   0000        0000 =           0. bytes (ABS,OVR,CSEG)

         Value  Global                             Global Defined In Module
         -----  --------------------------------   ------------------------
          CBEA  s_.dpcb                         
          D000  s_.dpd0                         
          E7B5  s_.0xe7                         
          E98A  s_.0xe9                         
          EA3E  s_.0xea                         
          ED77  s_.dped                         
          F000  s_.0xf0                         
          F000  _abort                             gcc_abort.c
          F14C  s_.0xf1                         
          F256  s_.0xf2                         
          F308  s_.0xf3                         
          F404  s_.0xf4                         
          F511  s_.0xf5                         
          F601  s_.0xf6                         
          F742  s_.0xf7                         
          F835  s_.0xf8                         
          F92E  s_.0xf9                         
          FC6D  s_.dpfc                         
          FD0D  s_.dpfd                         
          FE28  s_.dpfe                         
          FF16  s_.dpff                         
          FF9F  s_.0xffx                        
ASxxxx Linker V05.00,  page 3.
Hexidecimal  [16-Bits]
[ Bank == rom ]

Area                       Addr        Size        Decimal Bytes (Attributes)
--------------------       ----        ----        ------- ----- ------------
.cartridge                 0000        001C =          28. bytes (REL,CON,CSEG)

         Value  Global                             Global Defined In Module
         -----  --------------------------------   ------------------------
          0000  _game_header                       cartridge.enr.c

ASxxxx Linker V05.00,  page 4.
Hexidecimal  [16-Bits]
[ Bank == rom ]

Area                       Addr        Size        Decimal Bytes (Attributes)
--------------------       ----        ----        ------- ----- ------------
.bootloader                001C        003E =          62. bytes (REL,CON,CSEG)

         Value  Global                             Global Defined In Module
         -----  --------------------------------   ------------------------
          001C  A$crt0$58                          crt0.c
          001F  A$crt0$59                          crt0.c
          0023  A$crt0$60                          crt0.c
          0027  A$crt0$61                          crt0.c
          002B  A$crt0$62                          crt0.c
          002F  A$crt0$63                          crt0.c
          0032  A$crt0$64                          crt0.c
          0034  A$crt0$66                          crt0.c
          0036  A$crt0$67                          crt0.c
          0038  A$crt0$68                          crt0.c
          003A  A$crt0$69                          crt0.c
          003C  A$crt0$71                          crt0.c
          0040  A$crt0$72                          crt0.c
          0043  A$crt0$73                          crt0.c
          0045  A$crt0$75                          crt0.c
          0047  A$crt0$76                          crt0.c
          0049  A$crt0$77                          crt0.c
          004B  A$crt0$79                          crt0.c
          004E  A$crt0$80                          crt0.c
          004F  A$crt0$81                          crt0.c
          0051  A$crt0$82                          crt0.c
          0054  A$crt0$84                          crt0.c
          0057  A$cartridge$60                     cartridge.enr.c

ASxxxx Linker V05.00,  page 5.
Hexidecimal  [16-Bits]
[ Bank == rom ]

Area                       Addr        Size        Decimal Bytes (Attributes)
--------------------       ----        ----        ------- ----- ------------
.bankswitch.data           005A        0014 =          20. bytes (REL,CON,DSEG)

         Value  Global                             Global Defined In Module
         -----  --------------------------------   ------------------------
          005A  _bankFunctions                     cartridge.enr.c

ASxxxx Linker V05.00,  page 6.
Hexidecimal  [16-Bits]
[ Bank == rom ]

Area                       Addr        Size        Decimal Bytes (Attributes)
--------------------       ----        ----        ------- ----- ------------
.bankswitch.code           006E        002A =          42. bytes (REL,CON,CSEG)

         Value  Global                             Global Defined In Module
         -----  --------------------------------   ------------------------
          006E  _subBank0                          cartridge.enr.c
          006E  A$cartridge$62                     cartridge.enr.c
          006E  A$cartridge$65                     cartridge.enr.c
          0070  A$cartridge$66                     cartridge.enr.c
          0072  A$cartridge$67                     cartridge.enr.c
          0074  A$cartridge$68                     cartridge.enr.c
          0076  A$cartridge$69                     cartridge.enr.c
          0079  A$cartridge$70                     cartridge.enr.c
          007A  A$cartridge$71                     cartridge.enr.c
          007C  A$cartridge$72                     cartridge.enr.c
          007E  A$cartridge$73                     cartridge.enr.c
          0080  A$cartridge$74                     cartridge.enr.c
          0082  A$cartridge$75                     cartridge.enr.c
          0083  _subBank1                          cartridge.enr.c
          0083  A$cartridge$78                     cartridge.enr.c
          0085  A$cartridge$79                     cartridge.enr.c
          0087  A$cartridge$80                     cartridge.enr.c
          008A  A$cartridge$81                     cartridge.enr.c
          008B  A$cartridge$82                     cartridge.enr.c
          008D  A$cartridge$83                     cartridge.enr.c
          008F  A$cartridge$84                     cartridge.enr.c
          0091  A$cartridge$85                     cartridge.enr.c
          0093  A$cartridge$86                     cartridge.enr.c
          0095  A$cartridge$87                     cartridge.enr.c
          0097  A$cartridge$88                     cartridge.enr.c

ASxxxx Linker V05.00,  page 7.
Hexidecimal  [16-Bits]
[ Bank == rom ]

Area                       Addr        Size        Decimal Bytes (Attributes)
--------------------       ----        ----        ------- ----- ------------
.text                      0098        7AC7 =       31431. bytes (REL,CON,CSEG)

         Value  Global                             Global Defined In Module
         -----  --------------------------------   ------------------------
          0098  _msg                               main.enr.c
          0124  _mo                                main.enr.c
          0164  _stats                             main.enr.c
          01F9  _items                             main.enr.c
          0255  _spellNames1                       main.enr.c
          02A3  _spellNames2                       main.enr.c
          0314  _spellNames3                       main.enr.c
          0372  _spellNames4                       main.enr.c
          03C7  _spellNames5                       main.enr.c
          0424  _spellNames6                       main.enr.c
          0430  _spellNames                        main.enr.c
          045B  _treasure                          main.enr.c
          0481  _fountain                          main.enr.c
          04A5  _boxColors                         main.enr.c
          04E4  _environment_string                main.enr.c
          04F8  _testForButton                     main.enr.c
          04F8  A$main$721                         main.enr.c
          04FA  A$main$722                         main.enr.c
          04FC  A$main$731                         main.enr.c
          04FE  A$main$732                         main.enr.c
          0501  A$main$737                         main.enr.c
          0503  A$main$738                         main.enr.c
          0507  A$main$739                         main.enr.c
          0509  A$main$740                         main.enr.c
          050B  A$main$741                         main.enr.c
          050E  A$main$747                         main.enr.c
          0511  A$main$748                         main.enr.c
          0513  A$main$749                         main.enr.c
          0515  A$main$750                         main.enr.c
          0517  A$main$751                         main.enr.c
          0519  A$main$752                         main.enr.c
          051B  A$main$753                         main.enr.c
          051D  A$main$754                         main.enr.c
          051F  A$main$760                         main.enr.c
          0521  A$main$761                         main.enr.c
          0523  A$main$762                         main.enr.c
          0525  A$main$763                         main.enr.c
          0527  A$main$764                         main.enr.c
          0529  A$main$765                         main.enr.c
          052B  A$main$766                         main.enr.c
          052D  A$main$772                         main.enr.c
          052F  A$main$773                         main.enr.c
          0531  A$main$774                         main.enr.c
          0533  A$main$775                         main.enr.c
          0535  A$main$776                         main.enr.c
          0537  A$main$777                         main.enr.c
          0539  A$main$778                         main.enr.c
          053B  A$main$784                         main.enr.c
          053D  A$main$785                         main.enr.c
ASxxxx Linker V05.00,  page 8.
Hexidecimal  [16-Bits]
[ Bank == rom ]

Area                       Addr        Size        Decimal Bytes (Attributes)
--------------------       ----        ----        ------- ----- ------------
.text                      0098        7AC7 =       31431. bytes (REL,CON,CSEG)

         Value  Global                             Global Defined In Module
         -----  --------------------------------   ------------------------
          053F  A$main$786                         main.enr.c
          0541  A$main$787                         main.enr.c
          0543  A$main$788                         main.enr.c
          0545  A$main$789                         main.enr.c
          0547  A$main$795                         main.enr.c
          054A  A$main$796                         main.enr.c
          054C  A$main$797                         main.enr.c
          054E  A$main$798                         main.enr.c
          0550  A$main$799                         main.enr.c
          0552  A$main$800                         main.enr.c
          0554  A$main$801                         main.enr.c
          0556  A$main$807                         main.enr.c
          0559  A$main$808                         main.enr.c
          055B  A$main$809                         main.enr.c
          055D  A$main$810                         main.enr.c
          055F  A$main$811                         main.enr.c
          0561  A$main$812                         main.enr.c
          0563  A$main$813                         main.enr.c
          0565  A$main$819                         main.enr.c
          0567  A$main$820                         main.enr.c
          0569  A$main$821                         main.enr.c
          056B  A$main$822                         main.enr.c
          056D  A$main$823                         main.enr.c
          056F  A$main$824                         main.enr.c
          0571  A$main$825                         main.enr.c
          0573  A$main$826                         main.enr.c
          0575  A$main$837                         main.enr.c
          0578  A$main$844                         main.enr.c
          057B  A$main$845                         main.enr.c
          057F  A$main$851                         main.enr.c
          0581  A$main$852                         main.enr.c
          0583  A$main$857                         main.enr.c
          0585  A$main$858                         main.enr.c
          0587  A$main$860                         main.enr.c
          0589  A$main$861                         main.enr.c
          058B  A$main$862                         main.enr.c
          058C  A$main$864                         main.enr.c
          058E  A$main$865                         main.enr.c
          0590  A$main$866                         main.enr.c
          0593  A$main$872                         main.enr.c
          0596  A$main$873                         main.enr.c
          0598  A$main$874                         main.enr.c
          059A  A$main$875                         main.enr.c
          059C  A$main$876                         main.enr.c
          059E  A$main$877                         main.enr.c
          05A0  A$main$878                         main.enr.c
          05A2  A$main$879                         main.enr.c
          05A4  A$main$885                         main.enr.c
          05A6  A$main$886                         main.enr.c
          05A8  A$main$887                         main.enr.c
ASxxxx Linker V05.00,  page 9.
Hexidecimal  [16-Bits]
[ Bank == rom ]

Area                       Addr        Size        Decimal Bytes (Attributes)
--------------------       ----        ----        ------- ----- ------------
.text                      0098        7AC7 =       31431. bytes (REL,CON,CSEG)

         Value  Global                             Global Defined In Module
         -----  --------------------------------   ------------------------
          05AA  A$main$888                         main.enr.c
          05AC  A$main$889                         main.enr.c
          05AE  A$main$890                         main.enr.c
          05B0  A$main$891                         main.enr.c
          05B2  A$main$897                         main.enr.c
          05B4  A$main$898                         main.enr.c
          05B6  A$main$899                         main.enr.c
          05B8  A$main$900                         main.enr.c
          05BA  A$main$901                         main.enr.c
          05BC  A$main$902                         main.enr.c
          05BE  A$main$903                         main.enr.c
          05C0  A$main$909                         main.enr.c
          05C2  A$main$910                         main.enr.c
          05C4  A$main$911                         main.enr.c
          05C6  A$main$912                         main.enr.c
          05C8  A$main$913                         main.enr.c
          05CA  A$main$914                         main.enr.c
          05CC  A$main$920                         main.enr.c
          05CF  A$main$921                         main.enr.c
          05D1  A$main$922                         main.enr.c
          05D3  A$main$923                         main.enr.c
          05D5  A$main$924                         main.enr.c
          05D7  A$main$925                         main.enr.c
          05D9  A$main$926                         main.enr.c
          05DB  A$main$932                         main.enr.c
          05DE  A$main$933                         main.enr.c
          05E0  A$main$934                         main.enr.c
          05E2  A$main$935                         main.enr.c
          05E4  A$main$936                         main.enr.c
          05E6  A$main$937                         main.enr.c
          05E8  A$main$938                         main.enr.c
          05EA  A$main$944                         main.enr.c
          05EC  A$main$945                         main.enr.c
          05EE  A$main$946                         main.enr.c
          05F0  A$main$947                         main.enr.c
          05F2  A$main$948                         main.enr.c
          05F4  A$main$949                         main.enr.c
          05F6  A$main$950                         main.enr.c
          05F8  A$main$951                         main.enr.c
          05FC  A$main$962                         main.enr.c
          05FF  A$main$967                         main.enr.c
          0602  A$main$968                         main.enr.c
          0605  A$main$973                         main.enr.c
          0606  A$main$974                         main.enr.c
          060A  A$main$975                         main.enr.c
          060D  _testForInput                      main.enr.c
          060D  A$main$978                         main.enr.c
          060F  A$main$979                         main.enr.c
          0611  A$main$988                         main.enr.c
          0614  A$main$993                         main.enr.c
ASxxxx Linker V05.00,  page 10.
Hexidecimal  [16-Bits]
[ Bank == rom ]

Area                       Addr        Size        Decimal Bytes (Attributes)
--------------------       ----        ----        ------- ----- ------------
.text                      0098        7AC7 =       31431. bytes (REL,CON,CSEG)

         Value  Global                             Global Defined In Module
         -----  --------------------------------   ------------------------
          0616  A$main$994                         main.enr.c
          0619  A$main$999                         main.enr.c
          061B  A$main$1000                        main.enr.c
          061F  A$main$1001                        main.enr.c
          0621  A$main$1002                        main.enr.c
          0623  A$main$1008                        main.enr.c
          0626  A$main$1009                        main.enr.c
          0628  A$main$1010                        main.enr.c
          062A  A$main$1011                        main.enr.c
          062C  A$main$1012                        main.enr.c
          062E  A$main$1018                        main.enr.c
          0630  A$main$1019                        main.enr.c
          0634  A$main$1025                        main.enr.c
          0636  A$main$1026                        main.enr.c
          0638  A$main$1027                        main.enr.c
          063A  A$main$1028                        main.enr.c
          063C  A$main$1029                        main.enr.c
          063E  A$main$1030                        main.enr.c
          0640  A$main$1031                        main.enr.c
          0642  A$main$1032                        main.enr.c
          0646  A$main$1038                        main.enr.c
          0649  A$main$1050                        main.enr.c
          064C  A$main$1051                        main.enr.c
          0650  A$main$1056                        main.enr.c
          0653  A$main$1057                        main.enr.c
          0655  A$main$1058                        main.enr.c
          0657  A$main$1059                        main.enr.c
          0659  A$main$1060                        main.enr.c
          065B  A$main$1061                        main.enr.c
          065D  A$main$1067                        main.enr.c
          065F  A$main$1068                        main.enr.c
          0661  A$main$1069                        main.enr.c
          0663  A$main$1070                        main.enr.c
          0665  A$main$1071                        main.enr.c
          0667  A$main$1077                        main.enr.c
          0669  A$main$1078                        main.enr.c
          066B  A$main$1079                        main.enr.c
          066D  A$main$1080                        main.enr.c
          066F  A$main$1081                        main.enr.c
          0671  A$main$1087                        main.enr.c
          0673  A$main$1088                        main.enr.c
          0675  A$main$1089                        main.enr.c
          0677  A$main$1090                        main.enr.c
          0679  A$main$1091                        main.enr.c
          067B  A$main$1097                        main.enr.c
          067E  A$main$1098                        main.enr.c
          0680  A$main$1099                        main.enr.c
          0682  A$main$1100                        main.enr.c
          0684  A$main$1101                        main.enr.c
          0686  A$main$1107                        main.enr.c
ASxxxx Linker V05.00,  page 11.
Hexidecimal  [16-Bits]
[ Bank == rom ]

Area                       Addr        Size        Decimal Bytes (Attributes)
--------------------       ----        ----        ------- ----- ------------
.text                      0098        7AC7 =       31431. bytes (REL,CON,CSEG)

         Value  Global                             Global Defined In Module
         -----  --------------------------------   ------------------------
          0688  A$main$1108                        main.enr.c
          068C  A$main$1109                        main.enr.c
          068E  A$main$1110                        main.enr.c
          0690  A$main$1111                        main.enr.c
          0693  A$main$1113                        main.enr.c
          0695  A$main$1114                        main.enr.c
          0697  A$main$1115                        main.enr.c
          069A  A$main$1117                        main.enr.c
          069C  A$main$1123                        main.enr.c
          069F  A$main$1128                        main.enr.c
          06A1  A$main$1129                        main.enr.c
          06A3  A$main$1134                        main.enr.c
          06A5  A$main$1135                        main.enr.c
          06A7  A$main$1137                        main.enr.c
          06A9  A$main$1138                        main.enr.c
          06AB  A$main$1139                        main.enr.c
          06AC  A$main$1141                        main.enr.c
          06AE  A$main$1142                        main.enr.c
          06B0  A$main$1148                        main.enr.c
          06B3  A$main$1149                        main.enr.c
          06B5  A$main$1150                        main.enr.c
          06B7  A$main$1151                        main.enr.c
          06B9  A$main$1152                        main.enr.c
          06BB  A$main$1158                        main.enr.c
          06BD  A$main$1159                        main.enr.c
          06C1  A$main$1165                        main.enr.c
          06C3  A$main$1166                        main.enr.c
          06C5  A$main$1167                        main.enr.c
          06C7  A$main$1168                        main.enr.c
          06C9  A$main$1169                        main.enr.c
          06CB  A$main$1170                        main.enr.c
          06CD  A$main$1171                        main.enr.c
          06CF  A$main$1172                        main.enr.c
          06D3  A$main$1178                        main.enr.c
          06D6  A$main$1188                        main.enr.c
          06D9  A$main$1189                        main.enr.c
          06DC  A$main$1194                        main.enr.c
          06DD  A$main$1195                        main.enr.c
          06E1  A$main$1200                        main.enr.c
          06E4  A$main$1201                        main.enr.c
          06E6  A$main$1202                        main.enr.c
          06E8  A$main$1203                        main.enr.c
          06EA  A$main$1204                        main.enr.c
          06EC  A$main$1205                        main.enr.c
          06EE  A$main$1211                        main.enr.c
          06F0  A$main$1212                        main.enr.c
          06F2  A$main$1213                        main.enr.c
          06F4  A$main$1214                        main.enr.c
          06F6  A$main$1215                        main.enr.c
          06F8  A$main$1221                        main.enr.c
ASxxxx Linker V05.00,  page 12.
Hexidecimal  [16-Bits]
[ Bank == rom ]

Area                       Addr        Size        Decimal Bytes (Attributes)
--------------------       ----        ----        ------- ----- ------------
.text                      0098        7AC7 =       31431. bytes (REL,CON,CSEG)

         Value  Global                             Global Defined In Module
         -----  --------------------------------   ------------------------
          06FA  A$main$1222                        main.enr.c
          06FC  A$main$1223                        main.enr.c
          06FE  A$main$1224                        main.enr.c
          0700  A$main$1225                        main.enr.c
          0702  A$main$1231                        main.enr.c
          0704  A$main$1232                        main.enr.c
          0706  A$main$1233                        main.enr.c
          0708  A$main$1234                        main.enr.c
          070A  A$main$1235                        main.enr.c
          070C  A$main$1241                        main.enr.c
          070F  A$main$1242                        main.enr.c
          0711  A$main$1243                        main.enr.c
          0713  A$main$1244                        main.enr.c
          0715  A$main$1245                        main.enr.c
          0717  A$main$1251                        main.enr.c
          0719  A$main$1252                        main.enr.c
          071D  A$main$1253                        main.enr.c
          071F  A$main$1254                        main.enr.c
          0721  A$main$1255                        main.enr.c
          0724  A$main$1257                        main.enr.c
          0726  A$main$1258                        main.enr.c
          0728  A$main$1259                        main.enr.c
          0755  _inputNumber                       main.enr.c
          0755  A$main$1271                        main.enr.c
          0757  A$main$1272                        main.enr.c
          075A  A$main$1273                        main.enr.c
          075D  A$main$1286                        main.enr.c
          0760  A$main$1287                        main.enr.c
          0763  A$main$1288                        main.enr.c
          0766  A$main$1293                        main.enr.c
          076A  A$main$1294                        main.enr.c
          076C  A$main$1295                        main.enr.c
          076D  A$main$1296                        main.enr.c
          0770  A$main$1297                        main.enr.c
          0773  A$main$1302                        main.enr.c
          0775  A$main$1303                        main.enr.c
          0777  A$main$1304                        main.enr.c
          0779  A$main$1305                        main.enr.c
          077D  A$main$1311                        main.enr.c
          0780  A$main$1312                        main.enr.c
          0782  A$main$1313                        main.enr.c
          0786  A$main$1319                        main.enr.c
          0789  A$main$1320                        main.enr.c
          078B  A$main$1321                        main.enr.c
          078F  A$main$1327                        main.enr.c
          0792  A$main$1328                        main.enr.c
          0794  A$main$1329                        main.enr.c
          0798  A$main$1335                        main.enr.c
          079B  A$main$1336                        main.enr.c
          079D  A$main$1337                        main.enr.c
ASxxxx Linker V05.00,  page 13.
Hexidecimal  [16-Bits]
[ Bank == rom ]

Area                       Addr        Size        Decimal Bytes (Attributes)
--------------------       ----        ----        ------- ----- ------------
.text                      0098        7AC7 =       31431. bytes (REL,CON,CSEG)

         Value  Global                             Global Defined In Module
         -----  --------------------------------   ------------------------
          07A1  A$main$1343                        main.enr.c
          07A3  A$main$1344                        main.enr.c
          07A6  A$main$1349                        main.enr.c
          07A9  A$main$1350                        main.enr.c
          07AC  A$main$1351                        main.enr.c
          07B0  A$main$1352                        main.enr.c
          07B2  A$main$1353                        main.enr.c
          07B5  A$main$1354                        main.enr.c
          07B8  A$main$1355                        main.enr.c
          07BB  A$main$1356                        main.enr.c
          07BE  A$main$1362                        main.enr.c
          07C1  A$main$1363                        main.enr.c
          07C5  A$main$1364                        main.enr.c
          07C7  A$main$1365                        main.enr.c
          07C9  A$main$1366                        main.enr.c
          07CB  A$main$1367                        main.enr.c
          07CE  A$main$1368                        main.enr.c
          07D1  A$main$1369                        main.enr.c
          07D4  A$main$1375                        main.enr.c
          07D7  A$main$1376                        main.enr.c
          07DB  A$main$1377                        main.enr.c
          07DD  A$main$1378                        main.enr.c
          07DF  A$main$1379                        main.enr.c
          07E1  A$main$1380                        main.enr.c
          07E4  A$main$1381                        main.enr.c
          07E7  A$main$1382                        main.enr.c
          07EA  A$main$1388                        main.enr.c
          07ED  A$main$1389                        main.enr.c
          07F1  A$main$1390                        main.enr.c
          07F3  A$main$1391                        main.enr.c
          07F5  A$main$1392                        main.enr.c
          07F8  A$main$1393                        main.enr.c
          07FB  A$main$1394                        main.enr.c
          07FE  A$main$1400                        main.enr.c
          0801  A$main$1407                        main.enr.c
          0804  A$main$1408                        main.enr.c
          0806  A$main$1409                        main.enr.c
          0809  A$main$1410                        main.enr.c
          080C  A$main$1411                        main.enr.c
          080E  A$main$1412                        main.enr.c
          0811  A$main$1413                        main.enr.c
          0813  A$main$1414                        main.enr.c
          0816  A$main$1415                        main.enr.c
          0818  A$main$1416                        main.enr.c
          0819  A$main$1417                        main.enr.c
          081B  A$main$1418                        main.enr.c
          081C  A$main$1419                        main.enr.c
          081F  A$main$1420                        main.enr.c
          0822  A$main$1421                        main.enr.c
          0825  A$main$1427                        main.enr.c
ASxxxx Linker V05.00,  page 14.
Hexidecimal  [16-Bits]
[ Bank == rom ]

Area                       Addr        Size        Decimal Bytes (Attributes)
--------------------       ----        ----        ------- ----- ------------
.text                      0098        7AC7 =       31431. bytes (REL,CON,CSEG)

         Value  Global                             Global Defined In Module
         -----  --------------------------------   ------------------------
          0829  A$main$1428                        main.enr.c
          082B  A$main$1429                        main.enr.c
          082C  A$main$1430                        main.enr.c
          082F  A$main$1431                        main.enr.c
          0832  A$main$1436                        main.enr.c
          0834  A$main$1437                        main.enr.c
          0837  A$main$1438                        main.enr.c
          083A  A$main$1439                        main.enr.c
          083C  A$main$1445                        main.enr.c
          083F  A$main$1446                        main.enr.c
          0843  A$main$1447                        main.enr.c
          0847  A$main$1453                        main.enr.c
          084B  A$main$1454                        main.enr.c
          084D  A$main$1455                        main.enr.c
          084E  A$main$1456                        main.enr.c
          0851  A$main$1457                        main.enr.c
          0854  A$main$1462                        main.enr.c
          0856  A$main$1463                        main.enr.c
          0859  A$main$1464                        main.enr.c
          085C  A$main$1465                        main.enr.c
          085E  A$main$1471                        main.enr.c
          0860  A$main$1472                        main.enr.c
          0863  A$main$1473                        main.enr.c
          0866  A$main$1474                        main.enr.c
          0868  A$main$1475                        main.enr.c
          086B  A$main$1476                        main.enr.c
          086D  A$main$1477                        main.enr.c
          086F  A$main$1479                        main.enr.c
          0872  A$main$1485                        main.enr.c
          0875  A$main$1486                        main.enr.c
          0879  A$main$1496                        main.enr.c
          087C  A$main$1501                        main.enr.c
          087F  A$main$1506                        main.enr.c
          0882  A$main$1511                        main.enr.c
          0885  A$main$1516                        main.enr.c
          0888  A$main$1521                        main.enr.c
          088A  A$main$1522                        main.enr.c
          088C  A$main$1527                        main.enr.c
          088F  A$main$1528                        main.enr.c
          0891  A$main$1533                        main.enr.c
          0893  A$main$1534                        main.enr.c
          0895  A$main$1535                        main.enr.c
          0898  A$main$1536                        main.enr.c
          089B  A$main$1537                        main.enr.c
          089E  A$main$1538                        main.enr.c
          08A0  A$main$1539                        main.enr.c
          08A2  A$main$1540                        main.enr.c
          08A4  A$main$1546                        main.enr.c
          08A6  A$main$1547                        main.enr.c
          08A8  A$main$1548                        main.enr.c
ASxxxx Linker V05.00,  page 15.
Hexidecimal  [16-Bits]
[ Bank == rom ]

Area                       Addr        Size        Decimal Bytes (Attributes)
--------------------       ----        ----        ------- ----- ------------
.text                      0098        7AC7 =       31431. bytes (REL,CON,CSEG)

         Value  Global                             Global Defined In Module
         -----  --------------------------------   ------------------------
          08AB  A$main$1549                        main.enr.c
          08AD  A$main$1550                        main.enr.c
          08B0  A$main$1551                        main.enr.c
          08B2  A$main$1552                        main.enr.c
          08B4  A$main$1557                        main.enr.c
          08B7  A$main$1558                        main.enr.c
          08BA  A$main$1563                        main.enr.c
          08BC  A$main$1564                        main.enr.c
          08BF  A$main$1569                        main.enr.c
          08C2  A$main$1570                        main.enr.c
          08C4  A$main$1571                        main.enr.c
          08C7  A$main$1572                        main.enr.c
          08CA  A$main$1577                        main.enr.c
          08CC  A$main$1578                        main.enr.c
          08CE  A$main$1579                        main.enr.c
          08D1  A$main$1580                        main.enr.c
          08D3  A$main$1581                        main.enr.c
          08D6  A$main$1582                        main.enr.c
          08D8  A$main$1583                        main.enr.c
          08DA  A$main$1588                        main.enr.c
          08DD  A$main$1589                        main.enr.c
          08DF  A$main$1590                        main.enr.c
          08E2  A$main$1591                        main.enr.c
          08E5  A$main$1596                        main.enr.c
          08E7  A$main$1597                        main.enr.c
          08EA  A$main$1598                        main.enr.c
          08EC  A$main$1599                        main.enr.c
          08EF  A$main$1600                        main.enr.c
          08F1  A$main$1601                        main.enr.c
          08F3  A$main$1606                        main.enr.c
          08F5  A$main$1607                        main.enr.c
          08F8  A$main$1612                        main.enr.c
          08FA  A$main$1613                        main.enr.c
          08FC  A$main$1614                        main.enr.c
          08FE  A$main$1615                        main.enr.c
          0900  A$main$1616                        main.enr.c
          0903  A$main$1617                        main.enr.c
          0905  A$main$1618                        main.enr.c
          0907  A$main$1623                        main.enr.c
          0909  A$main$1624                        main.enr.c
          090C  A$main$1625                        main.enr.c
          090F  A$main$1626                        main.enr.c
          0910  A$main$1627                        main.enr.c
          0912  A$main$1628                        main.enr.c
          0913  A$main$1630                        main.enr.c
          0915  A$main$1631                        main.enr.c
          0917  A$main$1632                        main.enr.c
          0919  A$main$1633                        main.enr.c
          091B  A$main$1634                        main.enr.c
          091E  A$main$1635                        main.enr.c
ASxxxx Linker V05.00,  page 16.
Hexidecimal  [16-Bits]
[ Bank == rom ]

Area                       Addr        Size        Decimal Bytes (Attributes)
--------------------       ----        ----        ------- ----- ------------
.text                      0098        7AC7 =       31431. bytes (REL,CON,CSEG)

         Value  Global                             Global Defined In Module
         -----  --------------------------------   ------------------------
          0920  A$main$1636                        main.enr.c
          0923  A$main$1637                        main.enr.c
          0925  A$main$1638                        main.enr.c
          0927  A$main$1643                        main.enr.c
          092A  A$main$1644                        main.enr.c
          092D  A$main$1649                        main.enr.c
          0930  A$main$1650                        main.enr.c
          0932  A$main$1651                        main.enr.c
          0934  A$main$1652                        main.enr.c
          0935  A$main$1653                        main.enr.c
          0937  A$main$1654                        main.enr.c
          093A  A$main$1655                        main.enr.c
          093C  A$main$1656                        main.enr.c
          093F  A$main$1657                        main.enr.c
          0942  A$main$1658                        main.enr.c
          0944  A$main$1659                        main.enr.c
          0945  A$main$1660                        main.enr.c
          0948  A$main$1666                        main.enr.c
          094A  A$main$1667                        main.enr.c
          094E  A$main$1673                        main.enr.c
          0951  A$main$1674                        main.enr.c
          0953  A$main$1675                        main.enr.c
          0956  A$main$1676                        main.enr.c
          0958  A$main$1677                        main.enr.c
          095B  A$main$1678                        main.enr.c
          095C  A$main$1679                        main.enr.c
          095E  A$main$1680                        main.enr.c
          0961  A$main$1681                        main.enr.c
          0963  A$main$1682                        main.enr.c
          0965  A$main$1683                        main.enr.c
          0967  A$main$1684                        main.enr.c
          0969  A$main$1690                        main.enr.c
          096C  A$main$1691                        main.enr.c
          0970  A$main$1697                        main.enr.c
          0973  A$main$1698                        main.enr.c
          0974  A$main$1699                        main.enr.c
          0976  A$main$1700                        main.enr.c
          0979  A$main$1701                        main.enr.c
          097B  A$main$1702                        main.enr.c
          097D  A$main$1703                        main.enr.c
          097F  A$main$1704                        main.enr.c
          0981  A$main$1705                        main.enr.c
          0983  A$main$1706                        main.enr.c
          0985  A$main$1707                        main.enr.c
          0987  A$main$1708                        main.enr.c
          0989  A$main$1714                        main.enr.c
          098C  A$main$1715                        main.enr.c
          098D  A$main$1716                        main.enr.c
          098F  A$main$1717                        main.enr.c
          0992  A$main$1718                        main.enr.c
ASxxxx Linker V05.00,  page 17.
Hexidecimal  [16-Bits]
[ Bank == rom ]

Area                       Addr        Size        Decimal Bytes (Attributes)
--------------------       ----        ----        ------- ----- ------------
.text                      0098        7AC7 =       31431. bytes (REL,CON,CSEG)

         Value  Global                             Global Defined In Module
         -----  --------------------------------   ------------------------
          0994  A$main$1719                        main.enr.c
          0996  A$main$1720                        main.enr.c
          0998  A$main$1721                        main.enr.c
          099A  A$main$1722                        main.enr.c
          099C  A$main$1723                        main.enr.c
          099E  A$main$1724                        main.enr.c
          09A0  A$main$1725                        main.enr.c
          09A2  A$main$1731                        main.enr.c
          09A5  A$main$1732                        main.enr.c
          09A7  A$main$1733                        main.enr.c
          09A9  A$main$1734                        main.enr.c
          09AA  A$main$1735                        main.enr.c
          09AD  A$main$1736                        main.enr.c
          09B0  A$main$1737                        main.enr.c
          09B3  A$main$1742                        main.enr.c
          09B6  A$main$1743                        main.enr.c
          09B9  A$main$1744                        main.enr.c
          09BB  A$main$1745                        main.enr.c
          09BE  A$main$1746                        main.enr.c
          09C0  A$main$1747                        main.enr.c
          09C2  A$main$1748                        main.enr.c
          09C4  A$main$1749                        main.enr.c
          09C5  A$main$1750                        main.enr.c
          09C7  A$main$1751                        main.enr.c
          09C9  A$main$1752                        main.enr.c
          09CC  A$main$1753                        main.enr.c
          09CE  A$main$1754                        main.enr.c
          09D1  A$main$1755                        main.enr.c
          09D3  A$main$1756                        main.enr.c
          09D6  A$main$1757                        main.enr.c
          09D8  A$main$1758                        main.enr.c
          09DA  A$main$1759                        main.enr.c
          09DD  A$main$1760                        main.enr.c
          09E0  A$main$1761                        main.enr.c
          09E2  A$main$1762                        main.enr.c
          09E5  A$main$1763                        main.enr.c
          09E8  A$main$1764                        main.enr.c
          09EB  A$main$1765                        main.enr.c
          09EE  A$main$1766                        main.enr.c
          09F1  A$main$1767                        main.enr.c
          09F4  A$main$1768                        main.enr.c
          09F7  A$main$1769                        main.enr.c
          09FA  A$main$1770                        main.enr.c
          09FD  A$main$1771                        main.enr.c
          0A00  A$main$1772                        main.enr.c
          0A03  A$main$1773                        main.enr.c
          0A06  A$main$1779                        main.enr.c
          0A09  A$main$1780                        main.enr.c
          0A0B  A$main$1781                        main.enr.c
          0A0E  A$main$1782                        main.enr.c
ASxxxx Linker V05.00,  page 18.
Hexidecimal  [16-Bits]
[ Bank == rom ]

Area                       Addr        Size        Decimal Bytes (Attributes)
--------------------       ----        ----        ------- ----- ------------
.text                      0098        7AC7 =       31431. bytes (REL,CON,CSEG)

         Value  Global                             Global Defined In Module
         -----  --------------------------------   ------------------------
          0A10  A$main$1783                        main.enr.c
          0A12  A$main$1784                        main.enr.c
          0A14  A$main$1785                        main.enr.c
          0A15  A$main$1786                        main.enr.c
          0A17  A$main$1787                        main.enr.c
          0A19  A$main$1788                        main.enr.c
          0A1C  A$main$1789                        main.enr.c
          0A1E  A$main$1790                        main.enr.c
          0A21  A$main$1791                        main.enr.c
          0A23  A$main$1792                        main.enr.c
          0A26  A$main$1793                        main.enr.c
          0A28  A$main$1794                        main.enr.c
          0A2A  A$main$1795                        main.enr.c
          0A2D  A$main$1796                        main.enr.c
          0A30  A$main$1797                        main.enr.c
          0A32  A$main$1798                        main.enr.c
          0A35  A$main$1799                        main.enr.c
          0A37  A$main$1800                        main.enr.c
          0A3A  A$main$1801                        main.enr.c
          0A3D  A$main$1802                        main.enr.c
          0A40  A$main$1803                        main.enr.c
          0A43  A$main$1804                        main.enr.c
          0A46  A$main$1805                        main.enr.c
          0A49  A$main$1806                        main.enr.c
          0A4C  A$main$1807                        main.enr.c
          0A4E  A$main$1808                        main.enr.c
          0A51  A$main$1809                        main.enr.c
          0A54  A$main$1815                        main.enr.c
          0A57  A$main$1816                        main.enr.c
          0A59  A$main$1817                        main.enr.c
          0A5C  A$main$1818                        main.enr.c
          0A5E  A$main$1819                        main.enr.c
          0A60  A$main$1820                        main.enr.c
          0A62  A$main$1821                        main.enr.c
          0A63  A$main$1822                        main.enr.c
          0A65  A$main$1823                        main.enr.c
          0A67  A$main$1824                        main.enr.c
          0A6A  A$main$1825                        main.enr.c
          0A6C  A$main$1826                        main.enr.c
          0A6F  A$main$1827                        main.enr.c
          0A71  A$main$1828                        main.enr.c
          0A73  A$main$1829                        main.enr.c
          0A76  A$main$1830                        main.enr.c
          0A79  A$main$1831                        main.enr.c
          0A7C  A$main$1832                        main.enr.c
          0A7E  A$main$1833                        main.enr.c
          0A81  A$main$1834                        main.enr.c
          0A83  A$main$1835                        main.enr.c
          0A86  A$main$1836                        main.enr.c
          0A88  A$main$1837                        main.enr.c
ASxxxx Linker V05.00,  page 19.
Hexidecimal  [16-Bits]
[ Bank == rom ]

Area                       Addr        Size        Decimal Bytes (Attributes)
--------------------       ----        ----        ------- ----- ------------
.text                      0098        7AC7 =       31431. bytes (REL,CON,CSEG)

         Value  Global                             Global Defined In Module
         -----  --------------------------------   ------------------------
          0A8B  A$main$1838                        main.enr.c
          0A8D  A$main$1839                        main.enr.c
          0A90  A$main$1840                        main.enr.c
          0A93  A$main$1841                        main.enr.c
          0A95  A$main$1842                        main.enr.c
          0A97  A$main$1843                        main.enr.c
          0A9A  A$main$1844                        main.enr.c
          0A9D  A$main$1850                        main.enr.c
          0AA0  A$main$1851                        main.enr.c
          0AA2  A$main$1852                        main.enr.c
          0AA5  A$main$1853                        main.enr.c
          0AA7  A$main$1854                        main.enr.c
          0AA9  A$main$1855                        main.enr.c
          0AAB  A$main$1856                        main.enr.c
          0AAC  A$main$1857                        main.enr.c
          0AAE  A$main$1858                        main.enr.c
          0AB0  A$main$1859                        main.enr.c
          0AB3  A$main$1860                        main.enr.c
          0AB5  A$main$1861                        main.enr.c
          0AB8  A$main$1862                        main.enr.c
          0ABA  A$main$1863                        main.enr.c
          0ABC  A$main$1864                        main.enr.c
          0ABF  A$main$1865                        main.enr.c
          0AC2  A$main$1866                        main.enr.c
          0AC5  A$main$1867                        main.enr.c
          0AC7  A$main$1868                        main.enr.c
          0ACA  A$main$1869                        main.enr.c
          0ACC  A$main$1870                        main.enr.c
          0ACF  A$main$1871                        main.enr.c
          0AD1  A$main$1872                        main.enr.c
          0AD4  A$main$1873                        main.enr.c
          0AD6  A$main$1874                        main.enr.c
          0AD9  A$main$1875                        main.enr.c
          0ADC  A$main$1876                        main.enr.c
          0ADE  A$main$1877                        main.enr.c
          0AE0  A$main$1878                        main.enr.c
          0AE3  A$main$1884                        main.enr.c
          0AE6  A$main$1885                        main.enr.c
          0AE9  A$main$1886                        main.enr.c
          0AED  A$main$1887                        main.enr.c
          0AF1  A$main$1888                        main.enr.c
          0AF4  A$main$1889                        main.enr.c
          0AF6  A$main$1890                        main.enr.c
          0AFA  A$main$1891                        main.enr.c
          0AFD  A$main$1893                        main.enr.c
          0B01  A$main$1894                        main.enr.c
          0B05  A$main$1895                        main.enr.c
          0B08  A$main$1896                        main.enr.c
          0B0B  A$main$1897                        main.enr.c
          0B0F  A$main$1898                        main.enr.c
ASxxxx Linker V05.00,  page 20.
Hexidecimal  [16-Bits]
[ Bank == rom ]

Area                       Addr        Size        Decimal Bytes (Attributes)
--------------------       ----        ----        ------- ----- ------------
.text                      0098        7AC7 =       31431. bytes (REL,CON,CSEG)

         Value  Global                             Global Defined In Module
         -----  --------------------------------   ------------------------
          0B12  A$main$1900                        main.enr.c
          0B15  A$main$1901                        main.enr.c
          0B19  A$main$1902                        main.enr.c
          0B1C  A$main$1903                        main.enr.c
          0B1F  A$main$1904                        main.enr.c
          0B23  A$main$1905                        main.enr.c
          0B24  A$main$1906                        main.enr.c
          0B27  A$main$1907                        main.enr.c
          0B2A  A$main$1909                        main.enr.c
          0B2D  A$main$1910                        main.enr.c
          0B31  A$main$1911                        main.enr.c
          0B34  A$main$1912                        main.enr.c
          0B35  A$main$1913                        main.enr.c
          0B37  A$main$1914                        main.enr.c
          0B3A  A$main$1915                        main.enr.c
          0B3C  A$main$1916                        main.enr.c
          0B3E  A$main$1917                        main.enr.c
          0B40  A$main$1918                        main.enr.c
          0B42  A$main$1919                        main.enr.c
          0B45  A$main$1925                        main.enr.c
          0B48  A$main$1926                        main.enr.c
          0B4B  A$main$1927                        main.enr.c
          0B4D  A$main$1929                        main.enr.c
          0B4F  A$main$1930                        main.enr.c
          0B52  A$main$1931                        main.enr.c
          0B55  A$main$1932                        main.enr.c
          0B58  A$main$1933                        main.enr.c
          0B5B  A$main$1934                        main.enr.c
          0B5E  A$main$1936                        main.enr.c
          0B60  A$main$1937                        main.enr.c
          0B63  A$main$1938                        main.enr.c
          0B66  A$main$1940                        main.enr.c
          0B68  A$main$1941                        main.enr.c
          0B6B  A$main$1942                        main.enr.c
          0B6E  A$main$1944                        main.enr.c
          0B70  A$main$1945                        main.enr.c
          0B73  A$main$1946                        main.enr.c
          0B76  A$main$1948                        main.enr.c
          0B78  A$main$1949                        main.enr.c
          0B7B  A$main$1950                        main.enr.c
          0B7E  A$main$1952                        main.enr.c
          0B80  A$main$1953                        main.enr.c
          0B83  A$main$1954                        main.enr.c
          0DFE  _handleEncounters                  main.enr.c
          0DFE  A$main$2027                        main.enr.c
          0E00  A$main$2028                        main.enr.c
          0E03  A$main$2033                        main.enr.c
          0E05  A$main$2034                        main.enr.c
          0E09  A$main$2039                        main.enr.c
          0E0B  A$main$2040                        main.enr.c
ASxxxx Linker V05.00,  page 21.
Hexidecimal  [16-Bits]
[ Bank == rom ]

Area                       Addr        Size        Decimal Bytes (Attributes)
--------------------       ----        ----        ------- ----- ------------
.text                      0098        7AC7 =       31431. bytes (REL,CON,CSEG)

         Value  Global                             Global Defined In Module
         -----  --------------------------------   ------------------------
          0E0F  A$main$2050                        main.enr.c
          0E12  A$main$2055                        main.enr.c
          0E15  A$main$2056                        main.enr.c
          0E17  A$main$2057                        main.enr.c
          0E19  A$main$2058                        main.enr.c
          0E1B  A$main$2059                        main.enr.c
          0E1D  A$main$2060                        main.enr.c
          0E1F  A$main$2061                        main.enr.c
          0E21  A$main$2062                        main.enr.c
          0E23  A$main$2063                        main.enr.c
          0E25  A$main$2064                        main.enr.c
          0E27  A$main$2065                        main.enr.c
          0E29  A$main$2066                        main.enr.c
          0E2B  A$main$2067                        main.enr.c
          0E2D  A$main$2068                        main.enr.c
          0E2F  A$main$2069                        main.enr.c
          0E31  A$main$2071                        main.enr.c
          0E33  A$main$2072                        main.enr.c
          0E36  A$main$2080                        main.enr.c
          0E39  A$main$2081                        main.enr.c
          0E3B  A$main$2082                        main.enr.c
          0E3E  A$main$2083                        main.enr.c
          0E40  A$main$2084                        main.enr.c
          0E44  A$main$2092                        main.enr.c
          0E47  A$main$2097                        main.enr.c
          0E4A  A$main$2098                        main.enr.c
          0E4B  A$main$2099                        main.enr.c
          0E4D  A$main$2100                        main.enr.c
          0E4E  A$main$2101                        main.enr.c
          0E4F  A$main$2102                        main.enr.c
          0E51  A$main$2103                        main.enr.c
          0E55  A$main$2104                        main.enr.c
          0E57  A$main$2105                        main.enr.c
          0E5A  A$main$2106                        main.enr.c
          0E5D  A$main$2107                        main.enr.c
          0E60  A$main$2112                        main.enr.c
          0E63  A$main$2113                        main.enr.c
          0E66  A$main$2120                        main.enr.c
          0E69  A$main$2121                        main.enr.c
          0E6C  A$main$2126                        main.enr.c
          0E6F  A$main$2131                        main.enr.c
          0E71  A$main$2132                        main.enr.c
          0E74  A$main$2133                        main.enr.c
          0E76  A$main$2134                        main.enr.c
          0E78  A$main$2135                        main.enr.c
          0E7C  A$main$2140                        main.enr.c
          0E7F  A$main$2141                        main.enr.c
          0E81  A$main$2142                        main.enr.c
          0E85  A$main$2143                        main.enr.c
          0E87  A$main$2144                        main.enr.c
ASxxxx Linker V05.00,  page 22.
Hexidecimal  [16-Bits]
[ Bank == rom ]

Area                       Addr        Size        Decimal Bytes (Attributes)
--------------------       ----        ----        ------- ----- ------------
.text                      0098        7AC7 =       31431. bytes (REL,CON,CSEG)

         Value  Global                             Global Defined In Module
         -----  --------------------------------   ------------------------
          0E8B  A$main$2146                        main.enr.c
          0E8E  A$main$2147                        main.enr.c
          0E90  A$main$2148                        main.enr.c
          0E94  A$main$2154                        main.enr.c
          0E97  A$main$2155                        main.enr.c
          0E99  A$main$2156                        main.enr.c
          0E9B  A$main$2157                        main.enr.c
          0E9F  A$main$2158                        main.enr.c
          0EA1  A$main$2159                        main.enr.c
          0EA5  A$main$2160                        main.enr.c
          0EA7  A$main$2161                        main.enr.c
          0EAB  A$main$2167                        main.enr.c
          0EAD  A$main$2168                        main.enr.c
          0EB0  A$main$2169                        main.enr.c
          0EB2  A$main$2170                        main.enr.c
          0EB5  A$main$2171                        main.enr.c
          0EB7  A$main$2172                        main.enr.c
          0EB8  A$main$2173                        main.enr.c
          0EBA  A$main$2174                        main.enr.c
          0EBE  A$main$2175                        main.enr.c
          0EC1  A$main$2181                        main.enr.c
          0EC3  A$main$2182                        main.enr.c
          0EC7  A$main$2187                        main.enr.c
          0EC9  A$main$2188                        main.enr.c
          0ECD  A$main$2193                        main.enr.c
          0ECF  A$main$2194                        main.enr.c
          0ED3  A$main$2199                        main.enr.c
          0ED5  A$main$2200                        main.enr.c
          0ED9  A$main$2205                        main.enr.c
          0EDB  A$main$2206                        main.enr.c
          0EDF  A$main$2217                        main.enr.c
          0EE1  A$main$2218                        main.enr.c
          0EE4  A$main$2219                        main.enr.c
          0EE7  A$main$2220                        main.enr.c
          0EEA  A$main$2221                        main.enr.c
          0EEB  A$main$2222                        main.enr.c
          0EED  A$main$2223                        main.enr.c
          0EF0  A$main$2224                        main.enr.c
          0EF3  A$main$2225                        main.enr.c
          0EF5  A$main$2226                        main.enr.c
          0EF8  A$main$2227                        main.enr.c
          0EFB  A$main$2228                        main.enr.c
          0EFC  A$main$2230                        main.enr.c
          0EFE  A$main$2231                        main.enr.c
          0F00  A$main$2236                        main.enr.c
          0F03  A$main$2241                        main.enr.c
          0F06  A$main$2242                        main.enr.c
          0F08  A$main$2243                        main.enr.c
          0F0A  A$main$2244                        main.enr.c
          0F0E  A$main$2250                        main.enr.c
ASxxxx Linker V05.00,  page 23.
Hexidecimal  [16-Bits]
[ Bank == rom ]

Area                       Addr        Size        Decimal Bytes (Attributes)
--------------------       ----        ----        ------- ----- ------------
.text                      0098        7AC7 =       31431. bytes (REL,CON,CSEG)

         Value  Global                             Global Defined In Module
         -----  --------------------------------   ------------------------
          0F11  A$main$2251                        main.enr.c
          0F14  A$main$2252                        main.enr.c
          0F18  A$main$2257                        main.enr.c
          0F1A  A$main$2258                        main.enr.c
          0F1D  A$main$2259                        main.enr.c
          0F20  A$main$2260                        main.enr.c
          0F23  A$main$2261                        main.enr.c
          0F24  A$main$2262                        main.enr.c
          0F27  A$main$2263                        main.enr.c
          0F2A  A$main$2264                        main.enr.c
          0F2B  A$main$2265                        main.enr.c
          0F2E  A$main$2266                        main.enr.c
          0F2F  A$main$2267                        main.enr.c
          0F32  A$main$2272                        main.enr.c
          0F33  A$main$2273                        main.enr.c
          0F35  A$main$2274                        main.enr.c
          0F38  A$main$2275                        main.enr.c
          0F3B  A$main$2280                        main.enr.c
          0F3E  A$main$2281                        main.enr.c
          0F41  A$main$2286                        main.enr.c
          0F43  A$main$2292                        main.enr.c
          0F46  A$main$2293                        main.enr.c
          0F49  A$main$2294                        main.enr.c
          0F4C  A$main$2299                        main.enr.c
          0F50  A$main$2300                        main.enr.c
          0F54  A$main$2305                        main.enr.c
          0F56  A$main$2306                        main.enr.c
          0F59  A$main$2311                        main.enr.c
          0F5B  A$main$2312                        main.enr.c
          0F5E  A$main$2313                        main.enr.c
          0F61  A$main$2314                        main.enr.c
          0F63  A$main$2315                        main.enr.c
          0F66  A$main$2316                        main.enr.c
          0F6A  A$main$2322                        main.enr.c
          0F6C  A$main$2323                        main.enr.c
          0F6F  A$main$2324                        main.enr.c
          0F72  A$main$2325                        main.enr.c
          0F76  A$main$2330                        main.enr.c
          0F79  A$main$2331                        main.enr.c
          0F7C  A$main$2341                        main.enr.c
          0F7E  A$main$2342                        main.enr.c
          0F81  A$main$2347                        main.enr.c
          0F84  A$main$2352                        main.enr.c
          0F87  A$main$2357                        main.enr.c
          0F8A  A$main$2365                        main.enr.c
          0F8D  A$main$2366                        main.enr.c
          0F8F  A$main$2367                        main.enr.c
          0F93  A$main$2368                        main.enr.c
          0F95  A$main$2369                        main.enr.c
          0F98  A$main$2370                        main.enr.c
ASxxxx Linker V05.00,  page 24.
Hexidecimal  [16-Bits]
[ Bank == rom ]

Area                       Addr        Size        Decimal Bytes (Attributes)
--------------------       ----        ----        ------- ----- ------------
.text                      0098        7AC7 =       31431. bytes (REL,CON,CSEG)

         Value  Global                             Global Defined In Module
         -----  --------------------------------   ------------------------
          0F9B  A$main$2376                        main.enr.c
          0F9D  A$main$2377                        main.enr.c
          0FA0  A$main$2378                        main.enr.c
          0FA2  A$main$2379                        main.enr.c
          0FA6  A$main$2386                        main.enr.c
          0FA9  A$main$2387                        main.enr.c
          0FAB  A$main$2394                        main.enr.c
          0FAE  A$main$2395                        main.enr.c
          0FB0  A$main$2406                        main.enr.c
          0FB2  A$main$2407                        main.enr.c
          0FB5  A$main$2408                        main.enr.c
          0FB8  A$main$2413                        main.enr.c
          0FBB  A$main$2414                        main.enr.c
          0FBD  A$main$2415                        main.enr.c
          0FBF  A$main$2416                        main.enr.c
          0FC1  A$main$2422                        main.enr.c
          0FC3  A$main$2423                        main.enr.c
          0FC6  A$main$2424                        main.enr.c
          0FC7  A$main$2425                        main.enr.c
          0FC8  A$main$2426                        main.enr.c
          0FCC  A$main$2427                        main.enr.c
          0FD0  A$main$2433                        main.enr.c
          0FD3  A$main$2435                        main.enr.c
          0FD5  A$main$2436                        main.enr.c
          0FD8  A$main$2437                        main.enr.c
          0FDA  A$main$2438                        main.enr.c
          0FDC  A$main$2440                        main.enr.c
          0FDE  A$main$2441                        main.enr.c
          0FE0  A$main$2443                        main.enr.c
          0FE2  A$main$2445                        main.enr.c
          0FE5  A$main$2446                        main.enr.c
          0FE7  A$main$2452                        main.enr.c
          0FEA  A$main$2457                        main.enr.c
          0FED  A$main$2458                        main.enr.c
          0FEE  A$main$2459                        main.enr.c
          0FF2  A$main$2469                        main.enr.c
          0FF5  A$main$2474                        main.enr.c
          0FF8  A$main$2475                        main.enr.c
          0FFB  A$main$2480                        main.enr.c
          0FFD  A$main$2481                        main.enr.c
          1000  A$main$2486                        main.enr.c
          1003  A$main$2491                        main.enr.c
          1006  A$main$2497                        main.enr.c
          1009  A$main$2498                        main.enr.c
          100B  A$main$2499                        main.enr.c
          100D  A$main$2500                        main.enr.c
          1010  A$main$2506                        main.enr.c
          1013  A$main$2507                        main.enr.c
          1017  A$main$2513                        main.enr.c
          101A  A$main$2514                        main.enr.c
ASxxxx Linker V05.00,  page 25.
Hexidecimal  [16-Bits]
[ Bank == rom ]

Area                       Addr        Size        Decimal Bytes (Attributes)
--------------------       ----        ----        ------- ----- ------------
.text                      0098        7AC7 =       31431. bytes (REL,CON,CSEG)

         Value  Global                             Global Defined In Module
         -----  --------------------------------   ------------------------
          101C  A$main$2515                        main.enr.c
          101E  A$main$2516                        main.enr.c
          1020  A$main$2517                        main.enr.c
          1023  A$main$2518                        main.enr.c
          1026  A$main$2524                        main.enr.c
          1028  A$main$2525                        main.enr.c
          102A  A$main$2526                        main.enr.c
          102C  A$main$2527                        main.enr.c
          102F  A$main$2528                        main.enr.c
          1032  A$main$2534                        main.enr.c
          1034  A$main$2535                        main.enr.c
          1036  A$main$2536                        main.enr.c
          1038  A$main$2537                        main.enr.c
          103B  A$main$2538                        main.enr.c
          103E  A$main$2544                        main.enr.c
          1040  A$main$2545                        main.enr.c
          1042  A$main$2546                        main.enr.c
          1044  A$main$2547                        main.enr.c
          1047  A$main$2553                        main.enr.c
          104A  A$main$2554                        main.enr.c
          104C  A$main$2555                        main.enr.c
          104F  A$main$2556                        main.enr.c
          1053  A$main$2562                        main.enr.c
          1056  A$main$2568                        main.enr.c
          1059  A$main$2573                        main.enr.c
          105C  A$main$2574                        main.enr.c
          105E  A$main$2579                        main.enr.c
          1061  A$main$2580                        main.enr.c
          1063  A$main$2581                        main.enr.c
          1065  A$main$2582                        main.enr.c
          1068  A$main$2588                        main.enr.c
          106B  A$main$2589                        main.enr.c
          106F  A$main$2590                        main.enr.c
          1071  A$main$2591                        main.enr.c
          1074  A$main$2592                        main.enr.c
          1077  A$main$2594                        main.enr.c
          1079  A$main$2595                        main.enr.c
          107C  A$main$2596                        main.enr.c
          107F  A$main$2602                        main.enr.c
          1082  A$main$2603                        main.enr.c
          1086  A$main$2604                        main.enr.c
          1088  A$main$2605                        main.enr.c
          108B  A$main$2606                        main.enr.c
          108E  A$main$2617                        main.enr.c
          1090  A$main$2618                        main.enr.c
          1093  A$main$2623                        main.enr.c
          1096  A$main$2628                        main.enr.c
          1099  A$main$2633                        main.enr.c
          109C  A$main$2638                        main.enr.c
          109F  A$main$2639                        main.enr.c
ASxxxx Linker V05.00,  page 26.
Hexidecimal  [16-Bits]
[ Bank == rom ]

Area                       Addr        Size        Decimal Bytes (Attributes)
--------------------       ----        ----        ------- ----- ------------
.text                      0098        7AC7 =       31431. bytes (REL,CON,CSEG)

         Value  Global                             Global Defined In Module
         -----  --------------------------------   ------------------------
          10A1  A$main$2640                        main.enr.c
          10A5  A$main$2645                        main.enr.c
          10A8  A$main$2650                        main.enr.c
          10AB  A$main$2651                        main.enr.c
          10AC  A$main$2652                        main.enr.c
          10AE  A$main$2653                        main.enr.c
          10AF  A$main$2654                        main.enr.c
          10B0  A$main$2655                        main.enr.c
          10B2  A$main$2656                        main.enr.c
          10B6  A$main$2657                        main.enr.c
          10B8  A$main$2658                        main.enr.c
          10BB  A$main$2659                        main.enr.c
          10BE  A$main$2664                        main.enr.c
          10C1  A$main$2665                        main.enr.c
          10C4  A$main$2670                        main.enr.c
          10C6  A$main$2671                        main.enr.c
          10C9  A$main$2673                        main.enr.c
          10CB  A$main$2674                        main.enr.c
[...]
.0xe9                      E98A        0002 =           2. bytes (ABS,OVR,CSEG)

         Value  Global                             Global Defined In Module
         -----  --------------------------------   ------------------------
          E98A  ___Ranpos                          vec_rum_0xe9.c

ASxxxx Linker V05.00,  page 216.
Hexidecimal  [16-Bits]
[ Bank == page_ea ]

Area                       Addr        Size        Decimal Bytes (Attributes)
--------------------       ----        ----        ------- ----- ------------
.0xea                      EA3E        00B3 =         179. bytes (ABS,OVR,CSEG)

         Value  Global                             Global Defined In Module
         -----  --------------------------------   ------------------------
          EA3E  ___Rnd_Cone                        vec_rum_0xea.c
          EA5D  ___Dot_y                           vec_rum_0xea.c
          EA6D  ___Dot_py                          vec_rum_0xea.c
          EA7F  ___Draw_Pack                       vec_rum_0xea.c
          EA8D  ___Draw_Pack_py                    vec_rum_0xea.c
          EAA8  ___Print_Msg                       vec_rum_0xea.c
          EAB4  ___Draw_Score                      vec_rum_0xea.c
          EACF  ___Draw_Scores                     vec_rum_0xea.c
          EAF0  ___Wait_Bound                      vec_rum_0xea.c

ASxxxx Linker V05.00,  page 217.
Hexidecimal  [16-Bits]
[ Bank == page_f0 ]

Area                       Addr        Size        Decimal Bytes (Attributes)
--------------------       ----        ----        ------- ----- ------------
.0xf0                      F000        0001 =           1. bytes (ABS,OVR,CSEG)

         Value  Global                             Global Defined In Module
         -----  --------------------------------   ------------------------
          F000  ___Reset                           vec_rum_0xf0.c

ASxxxx Linker V05.00,  page 218.
Hexidecimal  [16-Bits]
[ Bank == page_f1 ]

Area                       Addr        Size        Decimal Bytes (Attributes)
--------------------       ----        ----        ------- ----- ------------
.0xf1                      F14C        00AD =         173. bytes (ABS,OVR,CSEG)

         Value  Global                             Global Defined In Module
         -----  --------------------------------   ------------------------
          F14C  ___Init_VIA                        vec_rum_0xf1.c
          F164  ___Init_OS_RAM                     vec_rum_0xf1.c
          F18B  ___Init_OS                         vec_rum_0xf1.c
          F192  ___Wait_Recal                      vec_rum_0xf1.c
          F1AA  ___DP_to_D0                        vec_rum_0xf1.c
          F1AF  ___DP_to_C8                        vec_rum_0xf1.c
          F1B4  ___Read_Btns_Mask                  vec_rum_0xf1.c
          F1BA  ___Read_Btns                       vec_rum_0xf1.c
          F1F5  ___Joy_Analog                      vec_rum_0xf1.c
          F1F8  ___Joy_Digital                     vec_rum_0xf1.c

ASxxxx Linker V05.00,  page 219.
Hexidecimal  [16-Bits]
[ Bank == page_f2 ]

Area                       Addr        Size        Decimal Bytes (Attributes)
--------------------       ----        ----        ------- ----- ------------
.0xf2                      F256        00A7 =         167. bytes (ABS,OVR,CSEG)

         Value  Global                             Global Defined In Module
         -----  --------------------------------   ------------------------
          F256  ___Sound_Byte                      vec_rum_0xf2.c
          F259  ___Sound_Byte_x                    vec_rum_0xf2.c
          F272  ___Clear_Sound                     vec_rum_0xf2.c
          F27D  ___Sound_Bytes                     vec_rum_0xf2.c
          F284  ___Sound_Bytes_x                   vec_rum_0xf2.c
          F289  ___Do_Sound                        vec_rum_0xf2.c
          F28C  ___Do_Sound_x                      vec_rum_0xf2.c
          F29D  ___Intensity_1F                    vec_rum_0xf2.c
          F2A1  ___Intensity_3F                    vec_rum_0xf2.c
          F2A5  ___Intensity_5F                    vec_rum_0xf2.c
          F2A9  ___Intensity_7F                    vec_rum_0xf2.c
          F2AB  ___Intensity_a                     vec_rum_0xf2.c
          F2BE  ___Dot_ix_b                        vec_rum_0xf2.c
          F2C1  ___Dot_ix                          vec_rum_0xf2.c
          F2C3  ___Dot_d                           vec_rum_0xf2.c
          F2C5  ___Dot_here                        vec_rum_0xf2.c
          F2D5  ___Dot_List                        vec_rum_0xf2.c
          F2DE  ___Dot_List_Reset                  vec_rum_0xf2.c
          F2E6  ___Recalibrate                     vec_rum_0xf2.c
          F2F2  ___Moveto_x_7F                     vec_rum_0xf2.c
          F2FC  ___Moveto_d_7F                     vec_rum_0xf2.c

ASxxxx Linker V05.00,  page 220.
Hexidecimal  [16-Bits]
[ Bank == page_f3 ]

Area                       Addr        Size        Decimal Bytes (Attributes)
--------------------       ----        ----        ------- ----- ------------
.0xf3                      F308        00D8 =         216. bytes (ABS,OVR,CSEG)

         Value  Global                             Global Defined In Module
         -----  --------------------------------   ------------------------
          F308  ___Moveto_ix_FF                    vec_rum_0xf3.c
          F30C  ___Moveto_ix_7F                    vec_rum_0xf3.c
          F30E  ___Moveto_ix_b                     vec_rum_0xf3.c
          F310  ___Moveto_ix                       vec_rum_0xf3.c
          F312  ___Moveto_d                        vec_rum_0xf3.c
          F34A  ___Reset0Ref_D0                    vec_rum_0xf3.c
          F34F  ___Check0Ref                       vec_rum_0xf3.c
          F354  ___Reset0Ref                       vec_rum_0xf3.c
          F35B  ___Reset_Pen                       vec_rum_0xf3.c
          F36B  ___Reset0Int                       vec_rum_0xf3.c
          F373  ___Print_Str_hwyx                  vec_rum_0xf3.c
          F378  ___Print_Str_yx                    vec_rum_0xf3.c
          F37A  ___Print_Str_d                     vec_rum_0xf3.c
          F385  ___Print_List_hw                   vec_rum_0xf3.c
          F38A  ___Print_List                      vec_rum_0xf3.c
          F38C  ___Print_List_chk                  vec_rum_0xf3.c
          F391  ___Print_Ships_x                   vec_rum_0xf3.c
          F393  ___Print_Ships                     vec_rum_0xf3.c
          F3AD  ___Mov_Draw_VLc_a                  vec_rum_0xf3.c
          F3B1  ___Mov_Draw_VL_b                   vec_rum_0xf3.c
          F3B5  ___Mov_Draw_VLcs                   vec_rum_0xf3.c
          F3B7  ___Mov_Draw_VL_ab                  vec_rum_0xf3.c
          F3B9  ___Mov_Draw_VL_a                   vec_rum_0xf3.c
          F3BC  ___Mov_Draw_VL                     vec_rum_0xf3.c
          F3BE  ___Mov_Draw_VL_d                   vec_rum_0xf3.c
          F3CE  ___Draw_VLc                        vec_rum_0xf3.c
          F3D2  ___Draw_VL_b                       vec_rum_0xf3.c
          F3D6  ___Draw_VLcs                       vec_rum_0xf3.c
          F3D8  ___Draw_VL_ab                      vec_rum_0xf3.c
          F3DA  ___Draw_VL_a                       vec_rum_0xf3.c
          F3DD  ___Draw_VL                         vec_rum_0xf3.c
          F3DF  ___Draw_Line_d                     vec_rum_0xf3.c
ASxxxx Linker V05.00,  page 221.
Hexidecimal  [16-Bits]
[ Bank == page_f4 ]

Area                       Addr        Size        Decimal Bytes (Attributes)
--------------------       ----        ----        ------- ----- ------------
.0xf4                      F404        0095 =         149. bytes (ABS,OVR,CSEG)

         Value  Global                             Global Defined In Module
         -----  --------------------------------   ------------------------
          F404  ___Draw_VLp_FF                     vec_rum_0xf4.c
          F408  ___Draw_VLp_7F                     vec_rum_0xf4.c
          F40C  ___Draw_VLp_scale                  vec_rum_0xf4.c
          F40E  ___Draw_VLp_b                      vec_rum_0xf4.c
          F410  ___Draw_VLp                        vec_rum_0xf4.c
          F433  ___Draw_Pat_VL_aa                  vec_rum_0xf4.c
          F434  ___Draw_Pat_VL_a                   vec_rum_0xf4.c
          F437  ___Draw_Pat_VL                     vec_rum_0xf4.c
          F439  ___Draw_Pat_VL_d                   vec_rum_0xf4.c
          F46E  ___Draw_VL_mode                    vec_rum_0xf4.c
          F495  ___Print_Str                       vec_rum_0xf4.c
          F498  ___Print_MRast                     vec_rum_0xf4.c
ASxxxx Linker V05.00,  page 222.
Hexidecimal  [16-Bits]
[ Bank == page_f5 ]

Area                       Addr        Size        Decimal Bytes (Attributes)
--------------------       ----        ----        ------- ----- ------------
.0xf5                      F511        00EF =         239. bytes (ABS,OVR,CSEG)

         Value  Global                             Global Defined In Module
         -----  --------------------------------   ------------------------
          F511  ___Random_3                        vec_rum_0xf5.c
          F517  ___Random                          vec_rum_0xf5.c
          F533  ___Init_Music_Buf                  vec_rum_0xf5.c
          F53F  ___Clear_x_b                       vec_rum_0xf5.c
          F542  ___Clear_C8_RAM                    vec_rum_0xf5.c
          F545  ___Clear_x_256                     vec_rum_0xf5.c
          F548  ___Clear_x_d                       vec_rum_0xf5.c
          F550  ___Clear_x_b_80                    vec_rum_0xf5.c
          F552  ___Clear_x_b_a                     vec_rum_0xf5.c
          F55A  ___Dec_3_Counters                  vec_rum_0xf5.c
          F55E  ___Dec_6_Counters                  vec_rum_0xf5.c
          F563  ___Dec_Counters                    vec_rum_0xf5.c
          F56D  ___Delay_3                         vec_rum_0xf5.c
          F571  ___Delay_2                         vec_rum_0xf5.c
          F575  ___Delay_1                         vec_rum_0xf5.c
          F579  ___Delay_0                         vec_rum_0xf5.c
          F57A  ___Delay_b                         vec_rum_0xf5.c
          F57D  ___Delay_RTS                       vec_rum_0xf5.c
          F57E  ___Bitmask_a                       vec_rum_0xf5.c
          F584  ___Abs_a_b                         vec_rum_0xf5.c
          F58B  ___Abs_b                           vec_rum_0xf5.c
          F593  ___Rise_Run_Angle                  vec_rum_0xf5.c
          F5D9  ___Get_Rise_Idx                    vec_rum_0xf5.c
          F5DB  ___Xform_Sin                       vec_rum_0xf5.c
          F5EF  ___Get_Rise_Run                    vec_rum_0xf5.c
          F5FF  ___Rise_Run_X                      vec_rum_0xf5.c

ASxxxx Linker V05.00,  page 223.
Hexidecimal  [16-Bits]
[ Bank == page_f6 ]

Area                       Addr        Size        Decimal Bytes (Attributes)
--------------------       ----        ----        ------- ----- ------------
.0xf6                      F601        0092 =         146. bytes (ABS,OVR,CSEG)

         Value  Global                             Global Defined In Module
         -----  --------------------------------   ------------------------
          F601  ___Rise_Run_Y                      vec_rum_0xf6.c
          F603  ___Rise_Run_Len                    vec_rum_0xf6.c
          F610  ___Rot_VL_ab                       vec_rum_0xf6.c
          F613  ___Rot_VL_Diff                     vec_rum_0xf6.c
          F616  ___Rot_VL                          vec_rum_0xf6.c
          F61F  ___Rot_VL_Mode                     vec_rum_0xf6.c
          F622  ___Rot_VL_Pack                     vec_rum_0xf6.c
          F62B  ___Rot_VL_M_dft                    vec_rum_0xf6.c
          F65B  ___Xform_Run_a                     vec_rum_0xf6.c
          F65D  ___Xform_Run                       vec_rum_0xf6.c
          F661  ___Xform_Rise_a                    vec_rum_0xf6.c
          F663  ___Xform_Rise                      vec_rum_0xf6.c
          F67F  ___Move_Mem_a_1                    vec_rum_0xf6.c
          F683  ___Move_Mem_a                      vec_rum_0xf6.c
          F687  ___Init_Music_chk                  vec_rum_0xf6.c
          F68D  ___Init_Music                      vec_rum_0xf6.c
          F690  ___Init_Music_a                    vec_rum_0xf6.c
          F692  ___Init_Music_x                    vec_rum_0xf6.c

ASxxxx Linker V05.00,  page 224.
Hexidecimal  [16-Bits]
[ Bank == page_f7 ]

Area                       Addr        Size        Decimal Bytes (Attributes)
--------------------       ----        ----        ------- ----- ------------
.0xf7                      F742        0068 =         104. bytes (ABS,OVR,CSEG)

         Value  Global                             Global Defined In Module
         -----  --------------------------------   ------------------------
          F742  ___Stop_Sound                      vec_rum_0xf7.c
          F7A9  ___Select_Game                     vec_rum_0xf7.c

ASxxxx Linker V05.00,  page 225.
Hexidecimal  [16-Bits]
[ Bank == page_f8 ]

Area                       Addr        Size        Decimal Bytes (Attributes)
--------------------       ----        ----        ------- ----- ------------
.0xf8                      F835        00CB =         203. bytes (ABS,OVR,CSEG)

         Value  Global                             Global Defined In Module
         -----  --------------------------------   ------------------------
          F835  ___Display_Option                  vec_rum_0xf8.c
          F84F  ___Clear_Score                     vec_rum_0xf8.c
          F85E  ___Add_Score_a                     vec_rum_0xf8.c
          F87C  ___Add_Score_d                     vec_rum_0xf8.c
          F8B7  ___Strip_Zeros                     vec_rum_0xf8.c
          F8C7  ___Compare_Score                   vec_rum_0xf8.c
          F8D8  ___New_High_Score                  vec_rum_0xf8.c
          F8E5  ___Obj_Will_Hit_u                  vec_rum_0xf8.c
          F8F3  ___Obj_Will_Hit                    vec_rum_0xf8.c
          F8FF  ___Obj_Hit                         vec_rum_0xf8.c

ASxxxx Linker V05.00,  page 226.
Hexidecimal  [16-Bits]
[ Bank == page_f9 ]

Area                       Addr        Size        Decimal Bytes (Attributes)
--------------------       ----        ----        ------- ----- ------------
.0xf9                      F92E        009D =         157. bytes (ABS,OVR,CSEG)

         Value  Global                             Global Defined In Module
         -----  --------------------------------   ------------------------
          F92E  ___Explosion_Snd                   vec_rum_0xf9.c
          F9CA  ___Set_Amp                         vec_rum_0xf9.c

ASxxxx Linker V05.00,  page 227.
Hexidecimal  [16-Bits]
[ Bank == page_ffx ]

Area                       Addr        Size        Decimal Bytes (Attributes)
--------------------       ----        ----        ------- ----- ------------
.0xffx                     FF9F        0001 =           1. bytes (ABS,OVR,CSEG)

         Value  Global                             Global Defined In Module
         -----  --------------------------------   ------------------------
          FF9F  ___Draw_Grid_VL                    vec_rum_0xff.c

ASxxxx Linker V05.00,  page 228.

Files Linked                              [ module(s) ]

C:\Dev\Vide\C\PeerC\vectrex\lib\crt0.rel  [ crt0.c ]
C:\Dev\Vide\projects\Telengard\build\lib  [ cartridge.enr.c ]
C:\Dev\Vide\projects\Telengard\build\lib  [ main.enr.c ]
C:\Dev\Vide\projects\Telengard\build\lib  [ mainSupport.enr.c ]
C:\Dev\Vide\projects\Telengard\build\lib  [ printstringsync.pre.s ]
C:\Dev\Vide\projects\Telengard\build\lib  [ string.enr.c ]
C:\Dev\Vide\C\PeerC\vectrex\lib\static\v  [ vec_ram_0xc8_0.c ]
C:\Dev\Vide\C\PeerC\vectrex\lib\static\v  [ vec_ram_0xc8_1.c ]
C:\Dev\Vide\C\PeerC\vectrex\lib\static\v  [ vec_ram_0xc8_2.c ]
C:\Dev\Vide\C\PeerC\vectrex\lib\static\v  [ vec_ram_0xcb_0.c ]
C:\Dev\Vide\C\PeerC\vectrex\lib\static\v  [ vec_ram_0xcb_1.c ]
C:\Dev\Vide\C\PeerC\vectrex\lib\static\v  [ vec_ram_0xcb_2.c ]
C:\Dev\Vide\C\PeerC\vectrex\lib\static\v  [ vec_ram_0xcb_3.c ]
C:\Dev\Vide\C\PeerC\vectrex\lib\static\v  [ vec_ram_0xd0_0.c ]
C:\Dev\Vide\C\PeerC\vectrex\lib\static\v  [ vec_ram_0xd0_1.c ]
C:\Dev\Vide\C\PeerC\vectrex\lib\static\v  [ vec_ram_dpc8_0.c ]
C:\Dev\Vide\C\PeerC\vectrex\lib\static\v  [ vec_ram_dpc8_1.c ]
C:\Dev\Vide\C\PeerC\vectrex\lib\static\v  [ vec_ram_dpc8_2.c ]
C:\Dev\Vide\C\PeerC\vectrex\lib\static\v  [ vec_ram_dpcb_0.c ]
C:\Dev\Vide\C\PeerC\vectrex\lib\static\v  [ vec_ram_dpcb_1.c ]
C:\Dev\Vide\C\PeerC\vectrex\lib\static\v  [ vec_ram_dpcb_2.c ]
C:\Dev\Vide\C\PeerC\vectrex\lib\static\v  [ vec_ram_dpcb_3.c ]
C:\Dev\Vide\C\PeerC\vectrex\lib\static\v  [ vec_ram_dpd0_0.c ]
C:\Dev\Vide\C\PeerC\vectrex\lib\static\v  [ vec_ram_dpd0_1.c ]
C:\Dev\Vide\C\PeerC\vectrex\lib\static\v  [ vec_rom_0xed_0.c ]
C:\Dev\Vide\C\PeerC\vectrex\lib\static\v  [ vec_rom_0xfc_0.c ]
C:\Dev\Vide\C\PeerC\vectrex\lib\static\v  [ vec_rom_0xfd_0.c ]
C:\Dev\Vide\C\PeerC\vectrex\lib\static\v  [ vec_rom_0xfe_0.c ]
C:\Dev\Vide\C\PeerC\vectrex\lib\static\v  [ vec_rom_0xfe_1.c ]
C:\Dev\Vide\C\PeerC\vectrex\lib\static\v  [ vec_rom_0xff_0.c ]
C:\Dev\Vide\C\PeerC\vectrex\lib\static\v  [ vec_rom_dped_0.c ]
C:\Dev\Vide\C\PeerC\vectrex\lib\static\v  [ vec_rom_dpfc_0.c ]
C:\Dev\Vide\C\PeerC\vectrex\lib\static\v  [ vec_rom_dpfd_0.c ]
C:\Dev\Vide\C\PeerC\vectrex\lib\static\v  [ vec_rom_dpfe_0.c ]
C:\Dev\Vide\C\PeerC\vectrex\lib\static\v  [ vec_rom_dpfe_1.c ]
C:\Dev\Vide\C\PeerC\vectrex\lib\static\v  [ vec_rom_dpff_0.c ]
C:\Dev\Vide\C\PeerC\vectrex\lib\static\v  [ vec_rum_0xe7.c ]
C:\Dev\Vide\C\PeerC\vectrex\lib\static\v  [ vec_rum_0xe9.c ]
C:\Dev\Vide\C\PeerC\vectrex\lib\static\v  [ vec_rum_0xea.c ]
C:\Dev\Vide\C\PeerC\vectrex\lib\static\v  [ vec_rum_0xf0.c ]
C:\Dev\Vide\C\PeerC\vectrex\lib\static\v  [ vec_rum_0xf1.c ]
C:\Dev\Vide\C\PeerC\vectrex\lib\static\v  [ vec_rum_0xf2.c ]
C:\Dev\Vide\C\PeerC\vectrex\lib\static\v  [ vec_rum_0xf3.c ]
C:\Dev\Vide\C\PeerC\vectrex\lib\static\v  [ vec_rum_0xf4.c ]
C:\Dev\Vide\C\PeerC\vectrex\lib\static\v  [ vec_rum_0xf5.c ]
C:\Dev\Vide\C\PeerC\vectrex\lib\static\v  [ vec_rum_0xf6.c ]
C:\Dev\Vide\C\PeerC\vectrex\lib\static\v  [ vec_rum_0xf7.c ]
C:\Dev\Vide\C\PeerC\vectrex\lib\static\v  [ vec_rum_0xf8.c ]
C:\Dev\Vide\C\PeerC\vectrex\lib\static\v  [ vec_rum_0xf9.c ]
C:\Dev\Vide\C\PeerC\vectrex\lib\static\v  [ vec_rum_0xff.c ]


Libraries Linked                          [ object file ]

C:\Dev\Vide\C\PeerC\vectrex\lib\rum.lib   [ ./rum/vec_rum_14_05_Intensity_a. ]
C:\Dev\Vide\C\PeerC\vectrex\lib\libgcc.l  [ ./libgcc/_ashldi3.o ]
C:\Dev\Vide\C\PeerC\vectrex\lib\libgcc.l  [ ./libgcc/_umodhi3.o ]
C:\Dev\Vide\C\PeerC\vectrex\lib\rum.lib   [ ./rum/vec_rum_12_06_Do_Sound.rel ]
C:\Dev\Vide\C\PeerC\vectrex\lib\libgcc.l  [ ./libgcc/_udivhi3.o ]
C:\Dev\Vide\C\PeerC\vectrex\lib\libgcc.l  [ ./libgcc/_lshrhi3.o ]
C:\Dev\Vide\C\PeerC\vectrex\lib\libgcc.l  [ ./libgcc/_udivdi3.o ]
C:\Dev\Vide\C\PeerC\vectrex\lib\libgcc.l  [ ./libgcc/_clzsi2.o ]
C:\Dev\Vide\C\PeerC\vectrex\lib\libgcc.l  [ ./libgcc/_mulhi3.o ]
C:\Dev\Vide\C\PeerC\vectrex\lib\gcc.lib   [ ./gcc/gcc_abort.rel ]
C:\Dev\Vide\C\PeerC\vectrex\lib\libgcc.l  [ ./libgcc/_muldi3.o ]
C:\Dev\Vide\C\PeerC\vectrex\lib\libgcc.l  [ ./libgcc/_clz.o ]
C:\Dev\Vide\C\PeerC\vectrex\lib\libgcc.l  [ ./libgcc/_ashlhi3.o ]
C:\Dev\Vide\C\PeerC\vectrex\lib\libgcc.l  [ ./libgcc/_euclid.o ]


