ASxxxx Linker V05.00,  page 1.
Hexidecimal  [16-Bits]

Area                       Addr        Size        Decimal Bytes (Attributes)
--------------------       ----        ----        ------- ----- ------------
.  .ABS.                   0000        0000 =           0. bytes (ABS,OVR,CSEG)

         Value  Global                             Global Defined In Module
         -----  --------------------------------   ------------------------
          0000  l__DATA                         
          0000  l__CODE                         
          0000  s__DATA                         
          0000  s__CODE                         
          0000  l_.data                         
          0000  l_.text.unlikely                
          0000  .__.ABS.                           crt0.c
          0000  l_.text.last                    
          0000  s_.cartridge                    
          0000  l_.text.hot                     
          0000  s_.direct                       
          0001  l_.0xffx                        
          0001  l_.0xf0                         
          0002  l_.0xe9                         
          0010  l_.dpd0                         
          0014  l_.bankswitch.data              
          0016  l_.dpcb                         
          0019  l_.dped                         
          001C  s_.bootloader                   
          001C  l_.cartridge                    
          001E  l_.0xe7                         
          0021  l_.dpfc                         
          002A  l_.bankswitch.code              
          003E  l_.bootloader                   
          005A  s_.bankswitch.data              
          0068  l_.0xf7                         
          006E  s_.bankswitch.code              
          007A  l_.dpff                         
          0080  l_.dpc8                         
          0092  l_.0xf6                         
          0095  l_.0xf4                         
          0098  s_.text                         
          009D  l_.0xf9                         
          00A7  l_.0xf2                         
          00AD  l_.0xf1                         
          00B3  l_.0xea                         
          00C7  l_.dpfd                         
          00CB  l_.0xf8                         
          00D1  l_.dpfe                         
          00D8  l_.0xf3                         
          00EF  l_.0xf5                         
          0100  l_.direct                       
          0278  l_.bss                          
          7C83  l_.text                         
          7D1B  s_.text.unlikely                
          7D1B  s_.text.last                    
          7D1B  s_.text.hot                     
          C800  s_.dpc8                         
          C880  s_.bss                          
          C880  s_.data                         
ASxxxx Linker V05.00,  page 2.
Hexidecimal  [16-Bits]

Area                       Addr        Size        Decimal Bytes (Attributes)
--------------------       ----        ----        ------- ----- ------------
.  .ABS.                   0000        0000 =           0. bytes (ABS,OVR,CSEG)

         Value  Global                             Global Defined In Module
         -----  --------------------------------   ------------------------
          CBEA  s_.dpcb                         
          D000  s_.dpd0                         
          E7B5  s_.0xe7                         
          E98A  s_.0xe9                         
          EA3E  s_.0xea                         
          ED77  s_.dped                         
          F000  s_.0xf0                         
          F000  _abort                             gcc_abort.c
          F14C  s_.0xf1                         
          F256  s_.0xf2                         
          F308  s_.0xf3                         
          F404  s_.0xf4                         
          F511  s_.0xf5                         
          F601  s_.0xf6                         
          F742  s_.0xf7                         
          F835  s_.0xf8                         
          F92E  s_.0xf9                         
          FC6D  s_.dpfc                         
          FD0D  s_.dpfd                         
          FE28  s_.dpfe                         
          FF16  s_.dpff                         
          FF9F  s_.0xffx                        
ASxxxx Linker V05.00,  page 3.
Hexidecimal  [16-Bits]
[ Bank == rom ]

Area                       Addr        Size        Decimal Bytes (Attributes)
--------------------       ----        ----        ------- ----- ------------
.cartridge                 0000        001C =          28. bytes (REL,CON,CSEG)

         Value  Global                             Global Defined In Module
         -----  --------------------------------   ------------------------
          0000  _game_header                       cartridge.enr.c

ASxxxx Linker V05.00,  page 4.
Hexidecimal  [16-Bits]
[ Bank == rom ]

Area                       Addr        Size        Decimal Bytes (Attributes)
--------------------       ----        ----        ------- ----- ------------
.bootloader                001C        003E =          62. bytes (REL,CON,CSEG)

         Value  Global                             Global Defined In Module
         -----  --------------------------------   ------------------------
          001C  A$crt0$58                          crt0.c
          001F  A$crt0$59                          crt0.c
          0023  A$crt0$60                          crt0.c
          0027  A$crt0$61                          crt0.c
          002B  A$crt0$62                          crt0.c
          002F  A$crt0$63                          crt0.c
          0032  A$crt0$64                          crt0.c
          0034  A$crt0$66                          crt0.c
          0036  A$crt0$67                          crt0.c
          0038  A$crt0$68                          crt0.c
          003A  A$crt0$69                          crt0.c
          003C  A$crt0$71                          crt0.c
          0040  A$crt0$72                          crt0.c
          0043  A$crt0$73                          crt0.c
          0045  A$crt0$75                          crt0.c
          0047  A$crt0$76                          crt0.c
          0049  A$crt0$77                          crt0.c
          004B  A$crt0$79                          crt0.c
          004E  A$crt0$80                          crt0.c
          004F  A$crt0$81                          crt0.c
          0051  A$crt0$82                          crt0.c
          0054  A$crt0$84                          crt0.c
          0057  A$cartridge$60                     cartridge.enr.c

ASxxxx Linker V05.00,  page 5.
Hexidecimal  [16-Bits]
[ Bank == rom ]

Area                       Addr        Size        Decimal Bytes (Attributes)
--------------------       ----        ----        ------- ----- ------------
.bankswitch.data           005A        0014 =          20. bytes (REL,CON,DSEG)

         Value  Global                             Global Defined In Module
         -----  --------------------------------   ------------------------
          005A  _bankFunctions                     cartridge.enr.c

ASxxxx Linker V05.00,  page 6.
Hexidecimal  [16-Bits]
[ Bank == rom ]

Area                       Addr        Size        Decimal Bytes (Attributes)
--------------------       ----        ----        ------- ----- ------------
.bankswitch.code           006E        002A =          42. bytes (REL,CON,CSEG)

         Value  Global                             Global Defined In Module
         -----  --------------------------------   ------------------------
          006E  _subBank0                          cartridge.enr.c
          006E  A$cartridge$62                     cartridge.enr.c
          006E  A$cartridge$65                     cartridge.enr.c
          0070  A$cartridge$66                     cartridge.enr.c
          0072  A$cartridge$67                     cartridge.enr.c
          0074  A$cartridge$68                     cartridge.enr.c
          0076  A$cartridge$69                     cartridge.enr.c
          0079  A$cartridge$70                     cartridge.enr.c
          007A  A$cartridge$71                     cartridge.enr.c
          007C  A$cartridge$72                     cartridge.enr.c
          007E  A$cartridge$73                     cartridge.enr.c
          0080  A$cartridge$74                     cartridge.enr.c
          0082  A$cartridge$75                     cartridge.enr.c
          0083  _subBank1                          cartridge.enr.c
          0083  A$cartridge$78                     cartridge.enr.c
          0085  A$cartridge$79                     cartridge.enr.c
          0087  A$cartridge$80                     cartridge.enr.c
          008A  A$cartridge$81                     cartridge.enr.c
          008B  A$cartridge$82                     cartridge.enr.c
          008D  A$cartridge$83                     cartridge.enr.c
          008F  A$cartridge$84                     cartridge.enr.c
          0091  A$cartridge$85                     cartridge.enr.c
          0093  A$cartridge$86                     cartridge.enr.c
          0095  A$cartridge$87                     cartridge.enr.c
          0097  A$cartridge$88                     cartridge.enr.c

ASxxxx Linker V05.00,  page 7.
Hexidecimal  [16-Bits]
[ Bank == rom ]

Area                       Addr        Size        Decimal Bytes (Attributes)
--------------------       ----        ----        ------- ----- ------------
.text                      0098        7C83 =       31875. bytes (REL,CON,CSEG)

         Value  Global                             Global Defined In Module
         -----  --------------------------------   ------------------------
          0098  A$aky_song$8                       arkostracker2_aky_c.pre.s
          0098  _playSong                          arkostracker2_aky_c.pre.s
          0098  A$aky_song$431                     arkostracker2_aky_c.pre.s
          009B  do_ym_sound2                       arkostracker2_aky_c.pre.s
          009B  copySoundRegs                      arkostracker2_aky_c.pre.s
          009B  doymsound100                       arkostracker2_aky_c.pre.s
          009B  A$aky_song$442                     arkostracker2_aky_c.pre.s
          009D  A$aky_song$443                     arkostracker2_aky_c.pre.s
          00A0  A$aky_song$444                     arkostracker2_aky_c.pre.s
          00A3  A$aky_song$447                     arkostracker2_aky_c.pre.s
          00A3  next_reg_dsy                       arkostracker2_aky_c.pre.s
          00A5  A$aky_song$448                     arkostracker2_aky_c.pre.s
          00A7  A$aky_song$449                     arkostracker2_aky_c.pre.s
          00A9  A$aky_song$451                     arkostracker2_aky_c.pre.s
          00AB  A$aky_song$454                     arkostracker2_aky_c.pre.s
          00AD  A$aky_song$455                     arkostracker2_aky_c.pre.s
          00AF  A$aky_song$456                     arkostracker2_aky_c.pre.s
          00B1  A$aky_song$457                     arkostracker2_aky_c.pre.s
          00B3  A$aky_song$458                     arkostracker2_aky_c.pre.s
          00B5  A$aky_song$459                     arkostracker2_aky_c.pre.s
          00B7  A$aky_song$460                     arkostracker2_aky_c.pre.s
          00B9  A$aky_song$461                     arkostracker2_aky_c.pre.s
          00BB  A$aky_song$462                     arkostracker2_aky_c.pre.s
          00BD  A$aky_song$463                     arkostracker2_aky_c.pre.s
          00BF  A$aky_song$464                     arkostracker2_aky_c.pre.s
          00C1  A$aky_song$467                     arkostracker2_aky_c.pre.s
          00C1  inc_reg_dsy                        arkostracker2_aky_c.pre.s
          00C2  A$aky_song$468                     arkostracker2_aky_c.pre.s
          00C4  doneSound_2                        arkostracker2_aky_c.pre.s
          00C4  A$aky_song$471                     arkostracker2_aky_c.pre.s
          00C5  Videopac_Subsong0DisarkGenerateE   arkostracker2_aky_c.pre.s
          00C5  _Videopac_Subsong0DisarkByteRegi   arkostracker2_aky_c.pre.s
          00C5  Videopac_Subsong0                  arkostracker2_aky_c.pre.s
          00CB  _Videopac_Subsong0DisarkWordForc   arkostracker2_aky_c.pre.s
          00CB  Videopac_Subsong0_Linker           arkostracker2_aky_c.pre.s
          00CB  Videopac_Subsong0DisarkByteRegio   arkostracker2_aky_c.pre.s
          00CB  Videopac_Subsong0_LinkerLoop       arkostracker2_aky_c.pre.s
          00CB  Videopac_Subsong0DisarkPointerRe   arkostracker2_aky_c.pre.s
          00D3  _Videopac_Subsong0DisarkWordForc   arkostracker2_aky_c.pre.s
          00DB  _Videopac_Subsong0DisarkWordForc   arkostracker2_aky_c.pre.s
          00E3  _Videopac_Subsong0DisarkWordForc   arkostracker2_aky_c.pre.s
          00EB  _Videopac_Subsong0DisarkWordForc   arkostracker2_aky_c.pre.s
          00F3  _Videopac_Subsong0DisarkWordForc   arkostracker2_aky_c.pre.s
          00FB  _Videopac_Subsong0DisarkWordForc   arkostracker2_aky_c.pre.s
          0103  _Videopac_Subsong0DisarkWordForc   arkostracker2_aky_c.pre.s
          010B  _Videopac_Subsong0DisarkWordForc   arkostracker2_aky_c.pre.s
          0113  _Videopac_Subsong0DisarkWordForc   arkostracker2_aky_c.pre.s
          011B  _Videopac_Subsong0DisarkWordForc   arkostracker2_aky_c.pre.s
          0123  _Videopac_Subsong0DisarkWordForc   arkostracker2_aky_c.pre.s
ASxxxx Linker V05.00,  page 8.
Hexidecimal  [16-Bits]
[ Bank == rom ]

Area                       Addr        Size        Decimal Bytes (Attributes)
--------------------       ----        ----        ------- ----- ------------
.text                      0098        7C83 =       31875. bytes (REL,CON,CSEG)

         Value  Global                             Global Defined In Module
         -----  --------------------------------   ------------------------
          012B  _Videopac_Subsong0DisarkWordForc   arkostracker2_aky_c.pre.s
          0133  _Videopac_Subsong0DisarkWordForc   arkostracker2_aky_c.pre.s
          013B  _Videopac_Subsong0DisarkWordForc   arkostracker2_aky_c.pre.s
          0143  _Videopac_Subsong0DisarkWordForc   arkostracker2_aky_c.pre.s
          014B  _Videopac_Subsong0DisarkWordForc   arkostracker2_aky_c.pre.s
          0153  _Videopac_Subsong0DisarkWordForc   arkostracker2_aky_c.pre.s
          015B  _Videopac_Subsong0DisarkWordForc   arkostracker2_aky_c.pre.s
          0163  _Videopac_Subsong0DisarkWordForc   arkostracker2_aky_c.pre.s
          016B  _Videopac_Subsong0DisarkWordForc   arkostracker2_aky_c.pre.s
          0173  _Videopac_Subsong0DisarkWordForc   arkostracker2_aky_c.pre.s
          017B  _Videopac_Subsong0DisarkWordForc   arkostracker2_aky_c.pre.s
          0183  _Videopac_Subsong0DisarkWordForc   arkostracker2_aky_c.pre.s
          018B  _Videopac_Subsong0DisarkWordForc   arkostracker2_aky_c.pre.s
          018F  Videopac_Subsong0DisarkPointerRe   arkostracker2_aky_c.pre.s
          018F  _Videopac_Subsong0DisarkByteRegi   arkostracker2_aky_c.pre.s
          018F  Videopac_Subsong0_Track_0          arkostracker2_aky_c.pre.s
          0190  _Videopac_Subsong0DisarkPointerR   arkostracker2_aky_c.pre.s
          0190  Videopac_Subsong0DisarkByteRegio   arkostracker2_aky_c.pre.s
          0192  _Videopac_Subsong0DisarkByteRegi   arkostracker2_aky_c.pre.s
          0192  Videopac_Subsong0DisarkPointerRe   arkostracker2_aky_c.pre.s
          0193  _Videopac_Subsong0DisarkPointerR   arkostracker2_aky_c.pre.s
          0193  Videopac_Subsong0DisarkByteRegio   arkostracker2_aky_c.pre.s
          0195  _Videopac_Subsong0DisarkByteRegi   arkostracker2_aky_c.pre.s
          0195  Videopac_Subsong0DisarkPointerRe   arkostracker2_aky_c.pre.s
          0196  _Videopac_Subsong0DisarkPointerR   arkostracker2_aky_c.pre.s
          0196  Videopac_Subsong0DisarkByteRegio   arkostracker2_aky_c.pre.s
          0198  _Videopac_Subsong0DisarkByteRegi   arkostracker2_aky_c.pre.s
          0198  Videopac_Subsong0DisarkPointerRe   arkostracker2_aky_c.pre.s
          0199  _Videopac_Subsong0DisarkPointerR   arkostracker2_aky_c.pre.s
          0199  Videopac_Subsong0DisarkByteRegio   arkostracker2_aky_c.pre.s
          019B  _Videopac_Subsong0DisarkByteRegi   arkostracker2_aky_c.pre.s
          019B  Videopac_Subsong0DisarkPointerRe   arkostracker2_aky_c.pre.s
          019C  _Videopac_Subsong0DisarkPointerR   arkostracker2_aky_c.pre.s
          019C  Videopac_Subsong0DisarkByteRegio   arkostracker2_aky_c.pre.s
          019E  _Videopac_Subsong0DisarkByteRegi   arkostracker2_aky_c.pre.s
          019E  Videopac_Subsong0DisarkPointerRe   arkostracker2_aky_c.pre.s
          019F  _Videopac_Subsong0DisarkPointerR   arkostracker2_aky_c.pre.s
          019F  Videopac_Subsong0DisarkByteRegio   arkostracker2_aky_c.pre.s
          01A1  Videopac_Subsong0DisarkPointerRe   arkostracker2_aky_c.pre.s
          01A1  _Videopac_Subsong0DisarkByteRegi   arkostracker2_aky_c.pre.s
          01A2  _Videopac_Subsong0DisarkPointerR   arkostracker2_aky_c.pre.s
          01A2  Videopac_Subsong0DisarkByteRegio   arkostracker2_aky_c.pre.s
          01A4  _Videopac_Subsong0DisarkByteRegi   arkostracker2_aky_c.pre.s
          01A4  Videopac_Subsong0DisarkPointerRe   arkostracker2_aky_c.pre.s
          01A5  _Videopac_Subsong0DisarkPointerR   arkostracker2_aky_c.pre.s
          01A5  Videopac_Subsong0DisarkByteRegio   arkostracker2_aky_c.pre.s
          01A7  _Videopac_Subsong0DisarkByteRegi   arkostracker2_aky_c.pre.s
          01A7  Videopac_Subsong0DisarkPointerRe   arkostracker2_aky_c.pre.s
          01A8  _Videopac_Subsong0DisarkPointerR   arkostracker2_aky_c.pre.s
          01A8  Videopac_Subsong0DisarkByteRegio   arkostracker2_aky_c.pre.s
ASxxxx Linker V05.00,  page 9.
Hexidecimal  [16-Bits]
[ Bank == rom ]

Area                       Addr        Size        Decimal Bytes (Attributes)
--------------------       ----        ----        ------- ----- ------------
.text                      0098        7C83 =       31875. bytes (REL,CON,CSEG)

         Value  Global                             Global Defined In Module
         -----  --------------------------------   ------------------------
          01AA  _Videopac_Subsong0DisarkByteRegi   arkostracker2_aky_c.pre.s
          01AA  Videopac_Subsong0DisarkPointerRe   arkostracker2_aky_c.pre.s
          01AA  Videopac_Subsong0_Track_1          arkostracker2_aky_c.pre.s
          01AB  _Videopac_Subsong0DisarkPointerR   arkostracker2_aky_c.pre.s
          01AB  Videopac_Subsong0DisarkByteRegio   arkostracker2_aky_c.pre.s
          01AD  _Videopac_Subsong0DisarkByteRegi   arkostracker2_aky_c.pre.s
          01AD  Videopac_Subsong0DisarkPointerRe   arkostracker2_aky_c.pre.s
          01AE  _Videopac_Subsong0DisarkPointerR   arkostracker2_aky_c.pre.s
          01AE  Videopac_Subsong0DisarkByteRegio   arkostracker2_aky_c.pre.s
          01B0  Videopac_Subsong0DisarkPointerRe   arkostracker2_aky_c.pre.s
          01B0  _Videopac_Subsong0DisarkByteRegi   arkostracker2_aky_c.pre.s
          01B1  _Videopac_Subsong0DisarkPointerR   arkostracker2_aky_c.pre.s
          01B1  Videopac_Subsong0DisarkByteRegio   arkostracker2_aky_c.pre.s
          01B3  _Videopac_Subsong0DisarkByteRegi   arkostracker2_aky_c.pre.s
          01B3  Videopac_Subsong0DisarkPointerRe   arkostracker2_aky_c.pre.s
          01B4  _Videopac_Subsong0DisarkPointerR   arkostracker2_aky_c.pre.s
          01B4  Videopac_Subsong0DisarkByteRegio   arkostracker2_aky_c.pre.s
          01B6  _Videopac_Subsong0DisarkByteRegi   arkostracker2_aky_c.pre.s
          01B6  Videopac_Subsong0DisarkPointerRe   arkostracker2_aky_c.pre.s
          01B7  _Videopac_Subsong0DisarkPointerR   arkostracker2_aky_c.pre.s
          01B7  Videopac_Subsong0DisarkByteRegio   arkostracker2_aky_c.pre.s
          01B9  _Videopac_Subsong0DisarkByteRegi   arkostracker2_aky_c.pre.s
          01B9  Videopac_Subsong0DisarkPointerRe   arkostracker2_aky_c.pre.s
          01BA  _Videopac_Subsong0DisarkPointerR   arkostracker2_aky_c.pre.s
          01BA  Videopac_Subsong0DisarkByteRegio   arkostracker2_aky_c.pre.s
          01BC  Videopac_Subsong0DisarkPointerRe   arkostracker2_aky_c.pre.s
          01BC  _Videopac_Subsong0DisarkByteRegi   arkostracker2_aky_c.pre.s
          01BD  _Videopac_Subsong0DisarkPointerR   arkostracker2_aky_c.pre.s
          01BD  Videopac_Subsong0DisarkByteRegio   arkostracker2_aky_c.pre.s
          01BF  Videopac_Subsong0DisarkPointerRe   arkostracker2_aky_c.pre.s
          01BF  _Videopac_Subsong0DisarkByteRegi   arkostracker2_aky_c.pre.s
          01C0  _Videopac_Subsong0DisarkPointerR   arkostracker2_aky_c.pre.s
          01C0  Videopac_Subsong0DisarkByteRegio   arkostracker2_aky_c.pre.s
          01C2  _Videopac_Subsong0DisarkByteRegi   arkostracker2_aky_c.pre.s
          01C2  Videopac_Subsong0DisarkPointerRe   arkostracker2_aky_c.pre.s
          01C3  _Videopac_Subsong0DisarkPointerR   arkostracker2_aky_c.pre.s
          01C3  Videopac_Subsong0DisarkByteRegio   arkostracker2_aky_c.pre.s
          01C5  Videopac_Subsong0_Track_2          arkostracker2_aky_c.pre.s
          01C5  _Videopac_Subsong0DisarkByteRegi   arkostracker2_aky_c.pre.s
          01C5  Videopac_Subsong0DisarkPointerRe   arkostracker2_aky_c.pre.s
          01C6  _Videopac_Subsong0DisarkPointerR   arkostracker2_aky_c.pre.s
          01C6  Videopac_Subsong0DisarkByteRegio   arkostracker2_aky_c.pre.s
          01C8  _Videopac_Subsong0DisarkByteRegi   arkostracker2_aky_c.pre.s
          01C8  Videopac_Subsong0DisarkPointerRe   arkostracker2_aky_c.pre.s
          01C9  _Videopac_Subsong0DisarkPointerR   arkostracker2_aky_c.pre.s
          01C9  Videopac_Subsong0DisarkByteRegio   arkostracker2_aky_c.pre.s
          01CB  Videopac_Subsong0DisarkPointerRe   arkostracker2_aky_c.pre.s
          01CB  _Videopac_Subsong0DisarkByteRegi   arkostracker2_aky_c.pre.s
          01CC  _Videopac_Subsong0DisarkPointerR   arkostracker2_aky_c.pre.s
          01CC  Videopac_Subsong0DisarkByteRegio   arkostracker2_aky_c.pre.s
ASxxxx Linker V05.00,  page 10.
Hexidecimal  [16-Bits]
[ Bank == rom ]

Area                       Addr        Size        Decimal Bytes (Attributes)
--------------------       ----        ----        ------- ----- ------------
.text                      0098        7C83 =       31875. bytes (REL,CON,CSEG)

         Value  Global                             Global Defined In Module
         -----  --------------------------------   ------------------------
          01CE  Videopac_Subsong0DisarkPointerRe   arkostracker2_aky_c.pre.s
          01CE  _Videopac_Subsong0DisarkByteRegi   arkostracker2_aky_c.pre.s
          01CF  _Videopac_Subsong0DisarkPointerR   arkostracker2_aky_c.pre.s
          01CF  Videopac_Subsong0DisarkByteRegio   arkostracker2_aky_c.pre.s
          01D1  _Videopac_Subsong0DisarkByteRegi   arkostracker2_aky_c.pre.s
          01D1  Videopac_Subsong0DisarkPointerRe   arkostracker2_aky_c.pre.s
          01D2  _Videopac_Subsong0DisarkPointerR   arkostracker2_aky_c.pre.s
          01D2  Videopac_Subsong0DisarkByteRegio   arkostracker2_aky_c.pre.s
          01D4  _Videopac_Subsong0DisarkByteRegi   arkostracker2_aky_c.pre.s
          01D4  Videopac_Subsong0DisarkPointerRe   arkostracker2_aky_c.pre.s
          01D5  _Videopac_Subsong0DisarkPointerR   arkostracker2_aky_c.pre.s
          01D5  Videopac_Subsong0DisarkByteRegio   arkostracker2_aky_c.pre.s
          01D7  Videopac_Subsong0DisarkPointerRe   arkostracker2_aky_c.pre.s
          01D7  _Videopac_Subsong0DisarkByteRegi   arkostracker2_aky_c.pre.s
          01D8  _Videopac_Subsong0DisarkPointerR   arkostracker2_aky_c.pre.s
          01D8  Videopac_Subsong0DisarkByteRegio   arkostracker2_aky_c.pre.s
          01DA  Videopac_Subsong0DisarkPointerRe   arkostracker2_aky_c.pre.s
          01DA  _Videopac_Subsong0DisarkByteRegi   arkostracker2_aky_c.pre.s
          01DB  _Videopac_Subsong0DisarkPointerR   arkostracker2_aky_c.pre.s
          01DB  Videopac_Subsong0DisarkByteRegio   arkostracker2_aky_c.pre.s
          01DD  Videopac_Subsong0DisarkPointerRe   arkostracker2_aky_c.pre.s
          01DD  _Videopac_Subsong0DisarkByteRegi   arkostracker2_aky_c.pre.s
          01DD  Videopac_Subsong0_Track_12         arkostracker2_aky_c.pre.s
          01DE  _Videopac_Subsong0DisarkPointerR   arkostracker2_aky_c.pre.s
          01DE  Videopac_Subsong0DisarkByteRegio   arkostracker2_aky_c.pre.s
          01E0  _Videopac_Subsong0DisarkByteRegi   arkostracker2_aky_c.pre.s
          01E0  Videopac_Subsong0DisarkPointerRe   arkostracker2_aky_c.pre.s
          01E1  _Videopac_Subsong0DisarkPointerR   arkostracker2_aky_c.pre.s
          01E1  Videopac_Subsong0DisarkByteRegio   arkostracker2_aky_c.pre.s
          01E3  _Videopac_Subsong0DisarkByteRegi   arkostracker2_aky_c.pre.s
          01E3  Videopac_Subsong0DisarkPointerRe   arkostracker2_aky_c.pre.s
          01E4  _Videopac_Subsong0DisarkPointerR   arkostracker2_aky_c.pre.s
          01E4  Videopac_Subsong0DisarkByteRegio   arkostracker2_aky_c.pre.s
          01E6  Videopac_Subsong0DisarkPointerRe   arkostracker2_aky_c.pre.s
          01E6  _Videopac_Subsong0DisarkByteRegi   arkostracker2_aky_c.pre.s
          01E7  _Videopac_Subsong0DisarkPointerR   arkostracker2_aky_c.pre.s
          01E7  Videopac_Subsong0DisarkByteRegio   arkostracker2_aky_c.pre.s
          01E9  Videopac_Subsong0DisarkPointerRe   arkostracker2_aky_c.pre.s
          01E9  _Videopac_Subsong0DisarkByteRegi   arkostracker2_aky_c.pre.s
          01EA  _Videopac_Subsong0DisarkPointerR   arkostracker2_aky_c.pre.s
          01EA  Videopac_Subsong0DisarkByteRegio   arkostracker2_aky_c.pre.s
          01EC  Videopac_Subsong0DisarkPointerRe   arkostracker2_aky_c.pre.s
          01EC  _Videopac_Subsong0DisarkByteRegi   arkostracker2_aky_c.pre.s
          01ED  _Videopac_Subsong0DisarkPointerR   arkostracker2_aky_c.pre.s
          01ED  Videopac_Subsong0DisarkByteRegio   arkostracker2_aky_c.pre.s
          01EF  _Videopac_Subsong0DisarkByteRegi   arkostracker2_aky_c.pre.s
          01EF  Videopac_Subsong0DisarkPointerRe   arkostracker2_aky_c.pre.s
          01F0  _Videopac_Subsong0DisarkPointerR   arkostracker2_aky_c.pre.s
          01F0  Videopac_Subsong0DisarkByteRegio   arkostracker2_aky_c.pre.s
          01F2  Videopac_Subsong0DisarkPointerRe   arkostracker2_aky_c.pre.s
ASxxxx Linker V05.00,  page 11.
Hexidecimal  [16-Bits]
[ Bank == rom ]

Area                       Addr        Size        Decimal Bytes (Attributes)
--------------------       ----        ----        ------- ----- ------------
.text                      0098        7C83 =       31875. bytes (REL,CON,CSEG)

         Value  Global                             Global Defined In Module
         -----  --------------------------------   ------------------------
          01F2  _Videopac_Subsong0DisarkByteRegi   arkostracker2_aky_c.pre.s
          01F3  _Videopac_Subsong0DisarkPointerR   arkostracker2_aky_c.pre.s
          01F3  Videopac_Subsong0DisarkByteRegio   arkostracker2_aky_c.pre.s
          01F5  Videopac_Subsong0DisarkPointerRe   arkostracker2_aky_c.pre.s
          01F5  _Videopac_Subsong0DisarkByteRegi   arkostracker2_aky_c.pre.s
          01F6  _Videopac_Subsong0DisarkPointerR   arkostracker2_aky_c.pre.s
          01F6  Videopac_Subsong0DisarkByteRegio   arkostracker2_aky_c.pre.s
          01F8  Videopac_Subsong0DisarkPointerRe   arkostracker2_aky_c.pre.s
          01F8  _Videopac_Subsong0DisarkByteRegi   arkostracker2_aky_c.pre.s
          01F8  Videopac_Subsong0_Track_13         arkostracker2_aky_c.pre.s
          01F9  _Videopac_Subsong0DisarkPointerR   arkostracker2_aky_c.pre.s
          01F9  Videopac_Subsong0DisarkByteRegio   arkostracker2_aky_c.pre.s
          01FB  Videopac_Subsong0DisarkPointerRe   arkostracker2_aky_c.pre.s
          01FB  _Videopac_Subsong0DisarkByteRegi   arkostracker2_aky_c.pre.s
          01FC  Videopac_Subsong0DisarkByteRegio   arkostracker2_aky_c.pre.s
          01FC  _Videopac_Subsong0DisarkPointerR   arkostracker2_aky_c.pre.s
          01FE  Videopac_Subsong0DisarkPointerRe   arkostracker2_aky_c.pre.s
          01FE  _Videopac_Subsong0DisarkByteRegi   arkostracker2_aky_c.pre.s
          01FF  Videopac_Subsong0DisarkByteRegio   arkostracker2_aky_c.pre.s
          01FF  _Videopac_Subsong0DisarkPointerR   arkostracker2_aky_c.pre.s
          0201  Videopac_Subsong0DisarkPointerRe   arkostracker2_aky_c.pre.s
          0201  _Videopac_Subsong0DisarkByteRegi   arkostracker2_aky_c.pre.s
          0202  _Videopac_Subsong0DisarkPointerR   arkostracker2_aky_c.pre.s
          0202  Videopac_Subsong0DisarkByteRegio   arkostracker2_aky_c.pre.s
          0204  Videopac_Subsong0DisarkPointerRe   arkostracker2_aky_c.pre.s
          0204  _Videopac_Subsong0DisarkByteRegi   arkostracker2_aky_c.pre.s
          0205  _Videopac_Subsong0DisarkPointerR   arkostracker2_aky_c.pre.s
          0205  Videopac_Subsong0DisarkByteRegio   arkostracker2_aky_c.pre.s
          0207  Videopac_Subsong0DisarkPointerRe   arkostracker2_aky_c.pre.s
          0207  _Videopac_Subsong0DisarkByteRegi   arkostracker2_aky_c.pre.s
          0208  _Videopac_Subsong0DisarkPointerR   arkostracker2_aky_c.pre.s
          0208  Videopac_Subsong0DisarkByteRegio   arkostracker2_aky_c.pre.s
          020A  Videopac_Subsong0DisarkPointerRe   arkostracker2_aky_c.pre.s
          020A  _Videopac_Subsong0DisarkByteRegi   arkostracker2_aky_c.pre.s
          020B  Videopac_Subsong0DisarkByteRegio   arkostracker2_aky_c.pre.s
          020B  _Videopac_Subsong0DisarkPointerR   arkostracker2_aky_c.pre.s
          020D  Videopac_Subsong0DisarkPointerRe   arkostracker2_aky_c.pre.s
          020D  _Videopac_Subsong0DisarkByteRegi   arkostracker2_aky_c.pre.s
          020E  Videopac_Subsong0DisarkByteRegio   arkostracker2_aky_c.pre.s
          020E  _Videopac_Subsong0DisarkPointerR   arkostracker2_aky_c.pre.s
          0210  Videopac_Subsong0DisarkPointerRe   arkostracker2_aky_c.pre.s
          0210  _Videopac_Subsong0DisarkByteRegi   arkostracker2_aky_c.pre.s
          0211  _Videopac_Subsong0DisarkPointerR   arkostracker2_aky_c.pre.s
          0211  Videopac_Subsong0DisarkByteRegio   arkostracker2_aky_c.pre.s
          0213  Videopac_Subsong0DisarkPointerRe   arkostracker2_aky_c.pre.s
          0213  Videopac_Subsong0_Track_14         arkostracker2_aky_c.pre.s
          0213  _Videopac_Subsong0DisarkByteRegi   arkostracker2_aky_c.pre.s
          0214  _Videopac_Subsong0DisarkPointerR   arkostracker2_aky_c.pre.s
          0214  Videopac_Subsong0DisarkByteRegio   arkostracker2_aky_c.pre.s
          0216  Videopac_Subsong0DisarkPointerRe   arkostracker2_aky_c.pre.s
ASxxxx Linker V05.00,  page 12.
Hexidecimal  [16-Bits]
[ Bank == rom ]

Area                       Addr        Size        Decimal Bytes (Attributes)
--------------------       ----        ----        ------- ----- ------------
.text                      0098        7C83 =       31875. bytes (REL,CON,CSEG)

         Value  Global                             Global Defined In Module
         -----  --------------------------------   ------------------------
          0216  _Videopac_Subsong0DisarkByteRegi   arkostracker2_aky_c.pre.s
          0217  _Videopac_Subsong0DisarkPointerR   arkostracker2_aky_c.pre.s
          0217  Videopac_Subsong0DisarkByteRegio   arkostracker2_aky_c.pre.s
          0219  Videopac_Subsong0DisarkPointerRe   arkostracker2_aky_c.pre.s
          0219  _Videopac_Subsong0DisarkByteRegi   arkostracker2_aky_c.pre.s
          021A  Videopac_Subsong0DisarkByteRegio   arkostracker2_aky_c.pre.s
          021A  _Videopac_Subsong0DisarkPointerR   arkostracker2_aky_c.pre.s
          021C  Videopac_Subsong0DisarkPointerRe   arkostracker2_aky_c.pre.s
          021C  _Videopac_Subsong0DisarkByteRegi   arkostracker2_aky_c.pre.s
          021D  _Videopac_Subsong0DisarkPointerR   arkostracker2_aky_c.pre.s
          021D  Videopac_Subsong0DisarkByteRegio   arkostracker2_aky_c.pre.s
          021F  Videopac_Subsong0DisarkPointerRe   arkostracker2_aky_c.pre.s
          021F  _Videopac_Subsong0DisarkByteRegi   arkostracker2_aky_c.pre.s
          0220  _Videopac_Subsong0DisarkPointerR   arkostracker2_aky_c.pre.s
          0220  Videopac_Subsong0DisarkByteRegio   arkostracker2_aky_c.pre.s
          0222  Videopac_Subsong0DisarkPointerRe   arkostracker2_aky_c.pre.s
          0222  _Videopac_Subsong0DisarkByteRegi   arkostracker2_aky_c.pre.s
          0223  _Videopac_Subsong0DisarkPointerR   arkostracker2_aky_c.pre.s
          0223  Videopac_Subsong0DisarkByteRegio   arkostracker2_aky_c.pre.s
          0225  Videopac_Subsong0DisarkPointerRe   arkostracker2_aky_c.pre.s
          0225  _Videopac_Subsong0DisarkByteRegi   arkostracker2_aky_c.pre.s
          0226  _Videopac_Subsong0DisarkPointerR   arkostracker2_aky_c.pre.s
          0226  Videopac_Subsong0DisarkByteRegio   arkostracker2_aky_c.pre.s
          0228  Videopac_Subsong0DisarkPointerRe   arkostracker2_aky_c.pre.s
          0228  _Videopac_Subsong0DisarkByteRegi   arkostracker2_aky_c.pre.s
          0229  Videopac_Subsong0DisarkByteRegio   arkostracker2_aky_c.pre.s
          0229  _Videopac_Subsong0DisarkPointerR   arkostracker2_aky_c.pre.s
          022B  Videopac_Subsong0DisarkPointerRe   arkostracker2_aky_c.pre.s
          022B  _Videopac_Subsong0DisarkByteRegi   arkostracker2_aky_c.pre.s
          022C  _Videopac_Subsong0DisarkPointerR   arkostracker2_aky_c.pre.s
          022C  Videopac_Subsong0DisarkByteRegio   arkostracker2_aky_c.pre.s
          022E  Videopac_Subsong0DisarkPointerRe   arkostracker2_aky_c.pre.s
          022E  Videopac_Subsong0_Track_15         arkostracker2_aky_c.pre.s
          022E  _Videopac_Subsong0DisarkByteRegi   arkostracker2_aky_c.pre.s
          022F  _Videopac_Subsong0DisarkPointerR   arkostracker2_aky_c.pre.s
          022F  Videopac_Subsong0DisarkByteRegio   arkostracker2_aky_c.pre.s
          0231  Videopac_Subsong0DisarkPointerRe   arkostracker2_aky_c.pre.s
          0231  _Videopac_Subsong0DisarkByteRegi   arkostracker2_aky_c.pre.s
          0232  _Videopac_Subsong0DisarkPointerR   arkostracker2_aky_c.pre.s
          0232  Videopac_Subsong0DisarkByteRegio   arkostracker2_aky_c.pre.s
          0234  Videopac_Subsong0DisarkPointerRe   arkostracker2_aky_c.pre.s
          0234  _Videopac_Subsong0DisarkByteRegi   arkostracker2_aky_c.pre.s
          0235  _Videopac_Subsong0DisarkPointerR   arkostracker2_aky_c.pre.s
          0235  Videopac_Subsong0DisarkByteRegio   arkostracker2_aky_c.pre.s
          0237  Videopac_Subsong0DisarkPointerRe   arkostracker2_aky_c.pre.s
          0237  _Videopac_Subsong0DisarkByteRegi   arkostracker2_aky_c.pre.s
          0238  _Videopac_Subsong0DisarkPointerR   arkostracker2_aky_c.pre.s
          0238  Videopac_Subsong0DisarkByteRegio   arkostracker2_aky_c.pre.s
          023A  Videopac_Subsong0DisarkPointerRe   arkostracker2_aky_c.pre.s
          023A  _Videopac_Subsong0DisarkByteRegi   arkostracker2_aky_c.pre.s
ASxxxx Linker V05.00,  page 13.
Hexidecimal  [16-Bits]
[ Bank == rom ]

Area                       Addr        Size        Decimal Bytes (Attributes)
--------------------       ----        ----        ------- ----- ------------
.text                      0098        7C83 =       31875. bytes (REL,CON,CSEG)

         Value  Global                             Global Defined In Module
         -----  --------------------------------   ------------------------
          023B  _Videopac_Subsong0DisarkPointerR   arkostracker2_aky_c.pre.s
          023B  Videopac_Subsong0DisarkByteRegio   arkostracker2_aky_c.pre.s
          023D  Videopac_Subsong0DisarkPointerRe   arkostracker2_aky_c.pre.s
          023D  _Videopac_Subsong0DisarkByteRegi   arkostracker2_aky_c.pre.s
          023E  _Videopac_Subsong0DisarkPointerR   arkostracker2_aky_c.pre.s
          023E  Videopac_Subsong0DisarkByteRegio   arkostracker2_aky_c.pre.s
          0240  Videopac_Subsong0DisarkPointerRe   arkostracker2_aky_c.pre.s
          0240  _Videopac_Subsong0DisarkByteRegi   arkostracker2_aky_c.pre.s
          0241  _Videopac_Subsong0DisarkPointerR   arkostracker2_aky_c.pre.s
          0241  Videopac_Subsong0DisarkByteRegio   arkostracker2_aky_c.pre.s
          0243  Videopac_Subsong0DisarkPointerRe   arkostracker2_aky_c.pre.s
          0243  _Videopac_Subsong0DisarkByteRegi   arkostracker2_aky_c.pre.s
          0244  _Videopac_Subsong0DisarkPointerR   arkostracker2_aky_c.pre.s
          0244  Videopac_Subsong0DisarkByteRegio   arkostracker2_aky_c.pre.s
          0246  Videopac_Subsong0DisarkPointerRe   arkostracker2_aky_c.pre.s
          0246  _Videopac_Subsong0DisarkByteRegi   arkostracker2_aky_c.pre.s
          0247  _Videopac_Subsong0DisarkPointerR   arkostracker2_aky_c.pre.s
          0247  Videopac_Subsong0DisarkByteRegio   arkostracker2_aky_c.pre.s
          0249  Videopac_Subsong0DisarkPointerRe   arkostracker2_aky_c.pre.s
          0249  Videopac_Subsong0_Track_16         arkostracker2_aky_c.pre.s
          0249  _Videopac_Subsong0DisarkByteRegi   arkostracker2_aky_c.pre.s
          024A  _Videopac_Subsong0DisarkPointerR   arkostracker2_aky_c.pre.s
          024A  Videopac_Subsong0DisarkByteRegio   arkostracker2_aky_c.pre.s
          024C  Videopac_Subsong0DisarkPointerRe   arkostracker2_aky_c.pre.s
          024C  _Videopac_Subsong0DisarkByteRegi   arkostracker2_aky_c.pre.s
          024D  _Videopac_Subsong0DisarkPointerR   arkostracker2_aky_c.pre.s
          024D  Videopac_Subsong0DisarkByteRegio   arkostracker2_aky_c.pre.s
          024F  Videopac_Subsong0DisarkPointerRe   arkostracker2_aky_c.pre.s
          024F  _Videopac_Subsong0DisarkByteRegi   arkostracker2_aky_c.pre.s
          0250  _Videopac_Subsong0DisarkPointerR   arkostracker2_aky_c.pre.s
          0250  Videopac_Subsong0DisarkByteRegio   arkostracker2_aky_c.pre.s
          0252  Videopac_Subsong0DisarkPointerRe   arkostracker2_aky_c.pre.s
          0252  _Videopac_Subsong0DisarkByteRegi   arkostracker2_aky_c.pre.s
          0253  _Videopac_Subsong0DisarkPointerR   arkostracker2_aky_c.pre.s
          0253  Videopac_Subsong0DisarkByteRegio   arkostracker2_aky_c.pre.s
          0255  Videopac_Subsong0DisarkPointerRe   arkostracker2_aky_c.pre.s
          0255  _Videopac_Subsong0DisarkByteRegi   arkostracker2_aky_c.pre.s
          0256  _Videopac_Subsong0DisarkPointerR   arkostracker2_aky_c.pre.s
          0256  Videopac_Subsong0DisarkByteRegio   arkostracker2_aky_c.pre.s
          0258  Videopac_Subsong0DisarkPointerRe   arkostracker2_aky_c.pre.s
          0258  _Videopac_Subsong0DisarkByteRegi   arkostracker2_aky_c.pre.s
          0259  _Videopac_Subsong0DisarkPointerR   arkostracker2_aky_c.pre.s
          0259  Videopac_Subsong0DisarkByteRegio   arkostracker2_aky_c.pre.s
          025B  Videopac_Subsong0DisarkPointerRe   arkostracker2_aky_c.pre.s
          025B  _Videopac_Subsong0DisarkByteRegi   arkostracker2_aky_c.pre.s
          025C  _Videopac_Subsong0DisarkPointerR   arkostracker2_aky_c.pre.s
          025C  Videopac_Subsong0DisarkByteRegio   arkostracker2_aky_c.pre.s
          025E  Videopac_Subsong0DisarkPointerRe   arkostracker2_aky_c.pre.s
          025E  _Videopac_Subsong0DisarkByteRegi   arkostracker2_aky_c.pre.s
          025F  _Videopac_Subsong0DisarkPointerR   arkostracker2_aky_c.pre.s
ASxxxx Linker V05.00,  page 14.
Hexidecimal  [16-Bits]
[ Bank == rom ]

Area                       Addr        Size        Decimal Bytes (Attributes)
--------------------       ----        ----        ------- ----- ------------
.text                      0098        7C83 =       31875. bytes (REL,CON,CSEG)

         Value  Global                             Global Defined In Module
         -----  --------------------------------   ------------------------
          025F  Videopac_Subsong0DisarkByteRegio   arkostracker2_aky_c.pre.s
          0261  Videopac_Subsong0DisarkPointerRe   arkostracker2_aky_c.pre.s
          0261  _Videopac_Subsong0DisarkByteRegi   arkostracker2_aky_c.pre.s
          0262  _Videopac_Subsong0DisarkPointerR   arkostracker2_aky_c.pre.s
          0262  Videopac_Subsong0DisarkByteRegio   arkostracker2_aky_c.pre.s
          0264  Videopac_Subsong0DisarkPointerRe   arkostracker2_aky_c.pre.s
          0264  Videopac_Subsong0_Track_17         arkostracker2_aky_c.pre.s
          0264  _Videopac_Subsong0DisarkByteRegi   arkostracker2_aky_c.pre.s
          0265  _Videopac_Subsong0DisarkPointerR   arkostracker2_aky_c.pre.s
          0265  Videopac_Subsong0DisarkByteRegio   arkostracker2_aky_c.pre.s
          0267  Videopac_Subsong0DisarkPointerRe   arkostracker2_aky_c.pre.s
          0267  _Videopac_Subsong0DisarkByteRegi   arkostracker2_aky_c.pre.s
          0268  _Videopac_Subsong0DisarkPointerR   arkostracker2_aky_c.pre.s
          0268  Videopac_Subsong0DisarkByteRegio   arkostracker2_aky_c.pre.s
          026A  Videopac_Subsong0DisarkPointerRe   arkostracker2_aky_c.pre.s
          026A  _Videopac_Subsong0DisarkByteRegi   arkostracker2_aky_c.pre.s
          026B  _Videopac_Subsong0DisarkPointerR   arkostracker2_aky_c.pre.s
          026B  Videopac_Subsong0DisarkByteRegio   arkostracker2_aky_c.pre.s
          026D  Videopac_Subsong0DisarkPointerRe   arkostracker2_aky_c.pre.s
          026D  _Videopac_Subsong0DisarkByteRegi   arkostracker2_aky_c.pre.s
          026E  _Videopac_Subsong0DisarkPointerR   arkostracker2_aky_c.pre.s
          026E  Videopac_Subsong0DisarkByteRegio   arkostracker2_aky_c.pre.s
          0270  Videopac_Subsong0DisarkPointerRe   arkostracker2_aky_c.pre.s
          0270  _Videopac_Subsong0DisarkByteRegi   arkostracker2_aky_c.pre.s
          0271  _Videopac_Subsong0DisarkPointerR   arkostracker2_aky_c.pre.s
          0271  Videopac_Subsong0DisarkByteRegio   arkostracker2_aky_c.pre.s
          0273  Videopac_Subsong0DisarkPointerRe   arkostracker2_aky_c.pre.s
          0273  _Videopac_Subsong0DisarkByteRegi   arkostracker2_aky_c.pre.s
          0274  _Videopac_Subsong0DisarkPointerR   arkostracker2_aky_c.pre.s
          0274  Videopac_Subsong0DisarkByteRegio   arkostracker2_aky_c.pre.s
          0276  Videopac_Subsong0DisarkPointerRe   arkostracker2_aky_c.pre.s
          0276  _Videopac_Subsong0DisarkByteRegi   arkostracker2_aky_c.pre.s
          0277  _Videopac_Subsong0DisarkPointerR   arkostracker2_aky_c.pre.s
          0277  Videopac_Subsong0DisarkByteRegio   arkostracker2_aky_c.pre.s
          0279  Videopac_Subsong0DisarkPointerRe   arkostracker2_aky_c.pre.s
          0279  _Videopac_Subsong0DisarkByteRegi   arkostracker2_aky_c.pre.s
          027A  _Videopac_Subsong0DisarkPointerR   arkostracker2_aky_c.pre.s
          027A  Videopac_Subsong0DisarkByteRegio   arkostracker2_aky_c.pre.s
          027C  Videopac_Subsong0DisarkPointerRe   arkostracker2_aky_c.pre.s
          027C  _Videopac_Subsong0DisarkByteRegi   arkostracker2_aky_c.pre.s
          027D  _Videopac_Subsong0DisarkPointerR   arkostracker2_aky_c.pre.s
          027D  Videopac_Subsong0DisarkByteRegio   arkostracker2_aky_c.pre.s
          027F  Videopac_Subsong0DisarkPointerRe   arkostracker2_aky_c.pre.s
          027F  Videopac_Subsong0_Track_18         arkostracker2_aky_c.pre.s
          027F  _Videopac_Subsong0DisarkByteRegi   arkostracker2_aky_c.pre.s
          0280  _Videopac_Subsong0DisarkPointerR   arkostracker2_aky_c.pre.s
          0280  Videopac_Subsong0DisarkByteRegio   arkostracker2_aky_c.pre.s
          0282  _Videopac_Subsong0DisarkByteRegi   arkostracker2_aky_c.pre.s
          0282  Videopac_Subsong0DisarkPointerRe   arkostracker2_aky_c.pre.s
          0283  _Videopac_Subsong0DisarkPointerR   arkostracker2_aky_c.pre.s
ASxxxx Linker V05.00,  page 15.
Hexidecimal  [16-Bits]
[ Bank == rom ]

Area                       Addr        Size        Decimal Bytes (Attributes)
--------------------       ----        ----        ------- ----- ------------
.text                      0098        7C83 =       31875. bytes (REL,CON,CSEG)

         Value  Global                             Global Defined In Module
         -----  --------------------------------   ------------------------
          0283  Videopac_Subsong0DisarkByteRegio   arkostracker2_aky_c.pre.s
          0285  Videopac_Subsong0DisarkPointerRe   arkostracker2_aky_c.pre.s
          0285  _Videopac_Subsong0DisarkByteRegi   arkostracker2_aky_c.pre.s
          0286  _Videopac_Subsong0DisarkPointerR   arkostracker2_aky_c.pre.s
          0286  Videopac_Subsong0DisarkByteRegio   arkostracker2_aky_c.pre.s
          0288  Videopac_Subsong0DisarkPointerRe   arkostracker2_aky_c.pre.s
          0288  _Videopac_Subsong0DisarkByteRegi   arkostracker2_aky_c.pre.s
          0289  _Videopac_Subsong0DisarkPointerR   arkostracker2_aky_c.pre.s
          0289  Videopac_Subsong0DisarkByteRegio   arkostracker2_aky_c.pre.s
          028B  Videopac_Subsong0DisarkPointerRe   arkostracker2_aky_c.pre.s
          028B  _Videopac_Subsong0DisarkByteRegi   arkostracker2_aky_c.pre.s
          028C  _Videopac_Subsong0DisarkPointerR   arkostracker2_aky_c.pre.s
          028C  Videopac_Subsong0DisarkByteRegio   arkostracker2_aky_c.pre.s
          028E  Videopac_Subsong0DisarkPointerRe   arkostracker2_aky_c.pre.s
          028E  _Videopac_Subsong0DisarkByteRegi   arkostracker2_aky_c.pre.s
          028F  _Videopac_Subsong0DisarkPointerR   arkostracker2_aky_c.pre.s
          028F  Videopac_Subsong0DisarkByteRegio   arkostracker2_aky_c.pre.s
          0291  _Videopac_Subsong0DisarkByteRegi   arkostracker2_aky_c.pre.s
          0291  Videopac_Subsong0DisarkPointerRe   arkostracker2_aky_c.pre.s
          0292  Videopac_Subsong0DisarkByteRegio   arkostracker2_aky_c.pre.s
          0292  _Videopac_Subsong0DisarkPointerR   arkostracker2_aky_c.pre.s
          0294  Videopac_Subsong0DisarkPointerRe   arkostracker2_aky_c.pre.s
          0294  _Videopac_Subsong0DisarkByteRegi   arkostracker2_aky_c.pre.s
          0295  Videopac_Subsong0DisarkByteRegio   arkostracker2_aky_c.pre.s
          0295  _Videopac_Subsong0DisarkPointerR   arkostracker2_aky_c.pre.s
          0297  Videopac_Subsong0DisarkPointerRe   arkostracker2_aky_c.pre.s
          0297  _Videopac_Subsong0DisarkByteRegi   arkostracker2_aky_c.pre.s
          0298  _Videopac_Subsong0DisarkPointerR   arkostracker2_aky_c.pre.s
          0298  Videopac_Subsong0DisarkByteRegio   arkostracker2_aky_c.pre.s
          029A  Videopac_Subsong0DisarkPointerRe   arkostracker2_aky_c.pre.s
          029A  _Videopac_Subsong0DisarkByteRegi   arkostracker2_aky_c.pre.s
          029A  Videopac_Subsong0_Track_19         arkostracker2_aky_c.pre.s
          029B  _Videopac_Subsong0DisarkPointerR   arkostracker2_aky_c.pre.s
          029B  Videopac_Subsong0DisarkByteRegio   arkostracker2_aky_c.pre.s
          029D  Videopac_Subsong0DisarkPointerRe   arkostracker2_aky_c.pre.s
          029D  _Videopac_Subsong0DisarkByteRegi   arkostracker2_aky_c.pre.s
          029E  _Videopac_Subsong0DisarkPointerR   arkostracker2_aky_c.pre.s
          029E  Videopac_Subsong0DisarkByteRegio   arkostracker2_aky_c.pre.s
          02A0  Videopac_Subsong0DisarkPointerRe   arkostracker2_aky_c.pre.s
          02A0  _Videopac_Subsong0DisarkByteRegi   arkostracker2_aky_c.pre.s
          02A1  Videopac_Subsong0DisarkByteRegio   arkostracker2_aky_c.pre.s
          02A1  _Videopac_Subsong0DisarkPointerR   arkostracker2_aky_c.pre.s
          02A3  Videopac_Subsong0DisarkPointerRe   arkostracker2_aky_c.pre.s
          02A3  _Videopac_Subsong0DisarkByteRegi   arkostracker2_aky_c.pre.s
          02A4  _Videopac_Subsong0DisarkPointerR   arkostracker2_aky_c.pre.s
          02A4  Videopac_Subsong0DisarkByteRegio   arkostracker2_aky_c.pre.s
          02A6  Videopac_Subsong0DisarkPointerRe   arkostracker2_aky_c.pre.s
          02A6  _Videopac_Subsong0DisarkByteRegi   arkostracker2_aky_c.pre.s
          02A7  _Videopac_Subsong0DisarkPointerR   arkostracker2_aky_c.pre.s
          02A7  Videopac_Subsong0DisarkByteRegio   arkostracker2_aky_c.pre.s
ASxxxx Linker V05.00,  page 16.
Hexidecimal  [16-Bits]
[ Bank == rom ]

Area                       Addr        Size        Decimal Bytes (Attributes)
--------------------       ----        ----        ------- ----- ------------
.text                      0098        7C83 =       31875. bytes (REL,CON,CSEG)

         Value  Global                             Global Defined In Module
         -----  --------------------------------   ------------------------
          02A9  Videopac_Subsong0DisarkPointerRe   arkostracker2_aky_c.pre.s
          02A9  _Videopac_Subsong0DisarkByteRegi   arkostracker2_aky_c.pre.s
          02AA  _Videopac_Subsong0DisarkPointerR   arkostracker2_aky_c.pre.s
          02AA  Videopac_Subsong0DisarkByteRegio   arkostracker2_aky_c.pre.s
          02AC  Videopac_Subsong0DisarkPointerRe   arkostracker2_aky_c.pre.s
          02AC  _Videopac_Subsong0DisarkByteRegi   arkostracker2_aky_c.pre.s
          02AD  _Videopac_Subsong0DisarkPointerR   arkostracker2_aky_c.pre.s
          02AD  Videopac_Subsong0DisarkByteRegio   arkostracker2_aky_c.pre.s
          02AF  Videopac_Subsong0DisarkPointerRe   arkostracker2_aky_c.pre.s
          02AF  _Videopac_Subsong0DisarkByteRegi   arkostracker2_aky_c.pre.s
          02B0  Videopac_Subsong0DisarkByteRegio   arkostracker2_aky_c.pre.s
          02B0  _Videopac_Subsong0DisarkPointerR   arkostracker2_aky_c.pre.s
          02B2  Videopac_Subsong0DisarkPointerRe   arkostracker2_aky_c.pre.s
          02B2  _Videopac_Subsong0DisarkByteRegi   arkostracker2_aky_c.pre.s
          02B3  _Videopac_Subsong0DisarkPointerR   arkostracker2_aky_c.pre.s
          02B3  Videopac_Subsong0DisarkByteRegio   arkostracker2_aky_c.pre.s
          02B5  Videopac_Subsong0DisarkPointerRe   arkostracker2_aky_c.pre.s
          02B5  Videopac_Subsong0_Track_20         arkostracker2_aky_c.pre.s
          02B5  _Videopac_Subsong0DisarkByteRegi   arkostracker2_aky_c.pre.s
          02B6  _Videopac_Subsong0DisarkPointerR   arkostracker2_aky_c.pre.s
          02B6  Videopac_Subsong0DisarkByteRegio   arkostracker2_aky_c.pre.s
          02B8  Videopac_Subsong0DisarkPointerRe   arkostracker2_aky_c.pre.s
          02B8  _Videopac_Subsong0DisarkByteRegi   arkostracker2_aky_c.pre.s
          02B9  _Videopac_Subsong0DisarkPointerR   arkostracker2_aky_c.pre.s
          02B9  Videopac_Subsong0DisarkByteRegio   arkostracker2_aky_c.pre.s
          02BB  Videopac_Subsong0DisarkPointerRe   arkostracker2_aky_c.pre.s
          02BB  _Videopac_Subsong0DisarkByteRegi   arkostracker2_aky_c.pre.s
          02BC  _Videopac_Subsong0DisarkPointerR   arkostracker2_aky_c.pre.s
          02BC  Videopac_Subsong0DisarkByteRegio   arkostracker2_aky_c.pre.s
          02BE  Videopac_Subsong0DisarkPointerRe   arkostracker2_aky_c.pre.s
          02BE  _Videopac_Subsong0DisarkByteRegi   arkostracker2_aky_c.pre.s
          02BF  _Videopac_Subsong0DisarkPointerR   arkostracker2_aky_c.pre.s
          02BF  Videopac_Subsong0DisarkByteRegio   arkostracker2_aky_c.pre.s
          02C1  Videopac_Subsong0DisarkPointerRe   arkostracker2_aky_c.pre.s
          02C1  _Videopac_Subsong0DisarkByteRegi   arkostracker2_aky_c.pre.s
          02C2  _Videopac_Subsong0DisarkPointerR   arkostracker2_aky_c.pre.s
          02C2  Videopac_Subsong0DisarkByteRegio   arkostracker2_aky_c.pre.s
          02C4  Videopac_Subsong0DisarkPointerRe   arkostracker2_aky_c.pre.s
          02C4  _Videopac_Subsong0DisarkByteRegi   arkostracker2_aky_c.pre.s
          02C5  _Videopac_Subsong0DisarkPointerR   arkostracker2_aky_c.pre.s
          02C5  Videopac_Subsong0DisarkByteRegio   arkostracker2_aky_c.pre.s
          02C7  Videopac_Subsong0DisarkPointerRe   arkostracker2_aky_c.pre.s
          02C7  _Videopac_Subsong0DisarkByteRegi   arkostracker2_aky_c.pre.s
          02C8  _Videopac_Subsong0DisarkPointerR   arkostracker2_aky_c.pre.s
          02C8  Videopac_Subsong0DisarkByteRegio   arkostracker2_aky_c.pre.s
          02CA  Videopac_Subsong0DisarkPointerRe   arkostracker2_aky_c.pre.s
          02CA  _Videopac_Subsong0DisarkByteRegi   arkostracker2_aky_c.pre.s
          02CB  _Videopac_Subsong0DisarkPointerR   arkostracker2_aky_c.pre.s
          02CB  Videopac_Subsong0DisarkByteRegio   arkostracker2_aky_c.pre.s
          02CD  Videopac_Subsong0DisarkPointerRe   arkostracker2_aky_c.pre.s
ASxxxx Linker V05.00,  page 17.
Hexidecimal  [16-Bits]
[ Bank == rom ]

Area                       Addr        Size        Decimal Bytes (Attributes)
--------------------       ----        ----        ------- ----- ------------
.text                      0098        7C83 =       31875. bytes (REL,CON,CSEG)

         Value  Global                             Global Defined In Module
         -----  --------------------------------   ------------------------
          02CD  _Videopac_Subsong0DisarkByteRegi   arkostracker2_aky_c.pre.s
          02CE  _Videopac_Subsong0DisarkPointerR   arkostracker2_aky_c.pre.s
          02CE  Videopac_Subsong0DisarkByteRegio   arkostracker2_aky_c.pre.s
          02D0  Videopac_Subsong0DisarkPointerRe   arkostracker2_aky_c.pre.s
          02D0  Videopac_Subsong0_Track_21         arkostracker2_aky_c.pre.s
          02D0  _Videopac_Subsong0DisarkByteRegi   arkostracker2_aky_c.pre.s
          02D1  _Videopac_Subsong0DisarkPointerR   arkostracker2_aky_c.pre.s
          02D1  Videopac_Subsong0DisarkByteRegio   arkostracker2_aky_c.pre.s
          02D3  Videopac_Subsong0DisarkPointerRe   arkostracker2_aky_c.pre.s
          02D3  _Videopac_Subsong0DisarkByteRegi   arkostracker2_aky_c.pre.s
          02D4  _Videopac_Subsong0DisarkPointerR   arkostracker2_aky_c.pre.s
          02D4  Videopac_Subsong0DisarkByteRegio   arkostracker2_aky_c.pre.s
          02D6  Videopac_Subsong0DisarkPointerRe   arkostracker2_aky_c.pre.s
          02D6  _Videopac_Subsong0DisarkByteRegi   arkostracker2_aky_c.pre.s
          02D7  _Videopac_Subsong0DisarkPointerR   arkostracker2_aky_c.pre.s
          02D7  Videopac_Subsong0DisarkByteRegio   arkostracker2_aky_c.pre.s
          02D9  Videopac_Subsong0DisarkPointerRe   arkostracker2_aky_c.pre.s
          02D9  _Videopac_Subsong0DisarkByteRegi   arkostracker2_aky_c.pre.s
          02DA  _Videopac_Subsong0DisarkPointerR   arkostracker2_aky_c.pre.s
          02DA  Videopac_Subsong0DisarkByteRegio   arkostracker2_aky_c.pre.s
          02DC  Videopac_Subsong0DisarkPointerRe   arkostracker2_aky_c.pre.s
          02DC  _Videopac_Subsong0DisarkByteRegi   arkostracker2_aky_c.pre.s
          02DD  _Videopac_Subsong0DisarkPointerR   arkostracker2_aky_c.pre.s
          02DD  Videopac_Subsong0DisarkByteRegio   arkostracker2_aky_c.pre.s
          02DF  Videopac_Subsong0DisarkPointerRe   arkostracker2_aky_c.pre.s
          02DF  _Videopac_Subsong0DisarkByteRegi   arkostracker2_aky_c.pre.s
          02E0  _Videopac_Subsong0DisarkPointerR   arkostracker2_aky_c.pre.s
          02E0  Videopac_Subsong0DisarkByteRegio   arkostracker2_aky_c.pre.s
          02E2  Videopac_Subsong0DisarkPointerRe   arkostracker2_aky_c.pre.s
          02E2  _Videopac_Subsong0DisarkByteRegi   arkostracker2_aky_c.pre.s
          02E3  _Videopac_Subsong0DisarkPointerR   arkostracker2_aky_c.pre.s
          02E3  Videopac_Subsong0DisarkByteRegio   arkostracker2_aky_c.pre.s
          02E5  Videopac_Subsong0DisarkPointerRe   arkostracker2_aky_c.pre.s
          02E5  _Videopac_Subsong0DisarkByteRegi   arkostracker2_aky_c.pre.s
          02E6  _Videopac_Subsong0DisarkPointerR   arkostracker2_aky_c.pre.s
          02E6  Videopac_Subsong0DisarkByteRegio   arkostracker2_aky_c.pre.s
          02E8  Videopac_Subsong0DisarkPointerRe   arkostracker2_aky_c.pre.s
          02E8  _Videopac_Subsong0DisarkByteRegi   arkostracker2_aky_c.pre.s
          02E9  _Videopac_Subsong0DisarkPointerR   arkostracker2_aky_c.pre.s
          02E9  Videopac_Subsong0DisarkByteRegio   arkostracker2_aky_c.pre.s
          02EB  Videopac_Subsong0_Track_22         arkostracker2_aky_c.pre.s
          02EB  Videopac_Subsong0DisarkPointerRe   arkostracker2_aky_c.pre.s
          02EB  _Videopac_Subsong0DisarkByteRegi   arkostracker2_aky_c.pre.s
          02EC  _Videopac_Subsong0DisarkPointerR   arkostracker2_aky_c.pre.s
          02EC  Videopac_Subsong0DisarkByteRegio   arkostracker2_aky_c.pre.s
          02EE  Videopac_Subsong0DisarkPointerRe   arkostracker2_aky_c.pre.s
          02EE  _Videopac_Subsong0DisarkByteRegi   arkostracker2_aky_c.pre.s
          02EF  _Videopac_Subsong0DisarkPointerR   arkostracker2_aky_c.pre.s
          02EF  Videopac_Subsong0DisarkByteRegio   arkostracker2_aky_c.pre.s
          02F1  Videopac_Subsong0DisarkPointerRe   arkostracker2_aky_c.pre.s
ASxxxx Linker V05.00,  page 18.
Hexidecimal  [16-Bits]
[ Bank == rom ]

Area                       Addr        Size        Decimal Bytes (Attributes)
--------------------       ----        ----        ------- ----- ------------
.text                      0098        7C83 =       31875. bytes (REL,CON,CSEG)

         Value  Global                             Global Defined In Module
         -----  --------------------------------   ------------------------
          02F1  _Videopac_Subsong0DisarkByteRegi   arkostracker2_aky_c.pre.s
          02F2  _Videopac_Subsong0DisarkPointerR   arkostracker2_aky_c.pre.s
          02F2  Videopac_Subsong0DisarkByteRegio   arkostracker2_aky_c.pre.s
          02F4  Videopac_Subsong0DisarkPointerRe   arkostracker2_aky_c.pre.s
          02F4  _Videopac_Subsong0DisarkByteRegi   arkostracker2_aky_c.pre.s
          02F5  _Videopac_Subsong0DisarkPointerR   arkostracker2_aky_c.pre.s
          02F5  Videopac_Subsong0DisarkByteRegio   arkostracker2_aky_c.pre.s
          02F7  Videopac_Subsong0DisarkPointerRe   arkostracker2_aky_c.pre.s
          02F7  _Videopac_Subsong0DisarkByteRegi   arkostracker2_aky_c.pre.s
          02F8  _Videopac_Subsong0DisarkPointerR   arkostracker2_aky_c.pre.s
          02F8  Videopac_Subsong0DisarkByteRegio   arkostracker2_aky_c.pre.s
          02FA  Videopac_Subsong0DisarkPointerRe   arkostracker2_aky_c.pre.s
          02FA  _Videopac_Subsong0DisarkByteRegi   arkostracker2_aky_c.pre.s
          02FB  _Videopac_Subsong0DisarkPointerR   arkostracker2_aky_c.pre.s
          02FB  Videopac_Subsong0DisarkByteRegio   arkostracker2_aky_c.pre.s
          02FD  Videopac_Subsong0DisarkPointerRe   arkostracker2_aky_c.pre.s
          02FD  _Videopac_Subsong0DisarkByteRegi   arkostracker2_aky_c.pre.s
          02FE  _Videopac_Subsong0DisarkPointerR   arkostracker2_aky_c.pre.s
          02FE  Videopac_Subsong0DisarkByteRegio   arkostracker2_aky_c.pre.s
          0300  Videopac_Subsong0DisarkPointerRe   arkostracker2_aky_c.pre.s
          0300  _Videopac_Subsong0DisarkByteRegi   arkostracker2_aky_c.pre.s
          0301  _Videopac_Subsong0DisarkPointerR   arkostracker2_aky_c.pre.s
          0301  Videopac_Subsong0DisarkByteRegio   arkostracker2_aky_c.pre.s
          0303  Videopac_Subsong0DisarkPointerRe   arkostracker2_aky_c.pre.s
          0303  _Videopac_Subsong0DisarkByteRegi   arkostracker2_aky_c.pre.s
          0304  _Videopac_Subsong0DisarkPointerR   arkostracker2_aky_c.pre.s
          0304  Videopac_Subsong0DisarkByteRegio   arkostracker2_aky_c.pre.s
          0306  Videopac_Subsong0_Track_23         arkostracker2_aky_c.pre.s
          0306  Videopac_Subsong0DisarkPointerRe   arkostracker2_aky_c.pre.s
          0306  _Videopac_Subsong0DisarkByteRegi   arkostracker2_aky_c.pre.s
          0307  _Videopac_Subsong0DisarkPointerR   arkostracker2_aky_c.pre.s
          0307  Videopac_Subsong0DisarkByteRegio   arkostracker2_aky_c.pre.s
          0309  _Videopac_Subsong0DisarkByteRegi   arkostracker2_aky_c.pre.s
          0309  Videopac_Subsong0DisarkPointerRe   arkostracker2_aky_c.pre.s
          030A  _Videopac_Subsong0DisarkPointerR   arkostracker2_aky_c.pre.s
          030A  Videopac_Subsong0DisarkByteRegio   arkostracker2_aky_c.pre.s
          030C  Videopac_Subsong0DisarkPointerRe   arkostracker2_aky_c.pre.s
          030C  _Videopac_Subsong0DisarkByteRegi   arkostracker2_aky_c.pre.s
          030D  _Videopac_Subsong0DisarkPointerR   arkostracker2_aky_c.pre.s
          030D  Videopac_Subsong0DisarkByteRegio   arkostracker2_aky_c.pre.s
          030F  Videopac_Subsong0DisarkPointerRe   arkostracker2_aky_c.pre.s
          030F  _Videopac_Subsong0DisarkByteRegi   arkostracker2_aky_c.pre.s
          0310  _Videopac_Subsong0DisarkPointerR   arkostracker2_aky_c.pre.s
          0310  Videopac_Subsong0DisarkByteRegio   arkostracker2_aky_c.pre.s
          0312  Videopac_Subsong0DisarkPointerRe   arkostracker2_aky_c.pre.s
          0312  _Videopac_Subsong0DisarkByteRegi   arkostracker2_aky_c.pre.s
          0313  _Videopac_Subsong0DisarkPointerR   arkostracker2_aky_c.pre.s
          0313  Videopac_Subsong0DisarkByteRegio   arkostracker2_aky_c.pre.s
          0315  Videopac_Subsong0DisarkPointerRe   arkostracker2_aky_c.pre.s
          0315  _Videopac_Subsong0DisarkByteRegi   arkostracker2_aky_c.pre.s
ASxxxx Linker V05.00,  page 19.
Hexidecimal  [16-Bits]
[ Bank == rom ]

Area                       Addr        Size        Decimal Bytes (Attributes)
--------------------       ----        ----        ------- ----- ------------
.text                      0098        7C83 =       31875. bytes (REL,CON,CSEG)

         Value  Global                             Global Defined In Module
         -----  --------------------------------   ------------------------
          0316  _Videopac_Subsong0DisarkPointerR   arkostracker2_aky_c.pre.s
          0316  Videopac_Subsong0DisarkByteRegio   arkostracker2_aky_c.pre.s
          0318  _Videopac_Subsong0DisarkByteRegi   arkostracker2_aky_c.pre.s
          0318  Videopac_Subsong0DisarkPointerRe   arkostracker2_aky_c.pre.s
          0319  _Videopac_Subsong0DisarkPointerR   arkostracker2_aky_c.pre.s
          0319  Videopac_Subsong0DisarkByteRegio   arkostracker2_aky_c.pre.s
          031B  Videopac_Subsong0DisarkPointerRe   arkostracker2_aky_c.pre.s
          031B  _Videopac_Subsong0DisarkByteRegi   arkostracker2_aky_c.pre.s
          031C  _Videopac_Subsong0DisarkPointerR   arkostracker2_aky_c.pre.s
          031C  Videopac_Subsong0DisarkByteRegio   arkostracker2_aky_c.pre.s
          031E  Videopac_Subsong0DisarkPointerRe   arkostracker2_aky_c.pre.s
          031E  _Videopac_Subsong0DisarkByteRegi   arkostracker2_aky_c.pre.s
          031F  _Videopac_Subsong0DisarkPointerR   arkostracker2_aky_c.pre.s
          031F  Videopac_Subsong0DisarkByteRegio   arkostracker2_aky_c.pre.s
          0321  Videopac_Subsong0DisarkPointerRe   arkostracker2_aky_c.pre.s
          0321  Videopac_Subsong0_Track_26         arkostracker2_aky_c.pre.s
          0321  _Videopac_Subsong0DisarkByteRegi   arkostracker2_aky_c.pre.s
          0322  _Videopac_Subsong0DisarkPointerR   arkostracker2_aky_c.pre.s
          0322  Videopac_Subsong0DisarkByteRegio   arkostracker2_aky_c.pre.s
          0324  _Videopac_Subsong0DisarkByteRegi   arkostracker2_aky_c.pre.s
          0324  Videopac_Subsong0DisarkPointerRe   arkostracker2_aky_c.pre.s
          0325  _Videopac_Subsong0DisarkPointerR   arkostracker2_aky_c.pre.s
          0325  Videopac_Subsong0DisarkByteRegio   arkostracker2_aky_c.pre.s
          0327  _Videopac_Subsong0DisarkByteRegi   arkostracker2_aky_c.pre.s
          0327  Videopac_Subsong0DisarkPointerRe   arkostracker2_aky_c.pre.s
          0328  Videopac_Subsong0DisarkByteRegio   arkostracker2_aky_c.pre.s
          0328  _Videopac_Subsong0DisarkPointerR   arkostracker2_aky_c.pre.s
          032A  Videopac_Subsong0DisarkPointerRe   arkostracker2_aky_c.pre.s
          032A  _Videopac_Subsong0DisarkByteRegi   arkostracker2_aky_c.pre.s
          032B  _Videopac_Subsong0DisarkPointerR   arkostracker2_aky_c.pre.s
          032B  Videopac_Subsong0DisarkByteRegio   arkostracker2_aky_c.pre.s
          032D  Videopac_Subsong0DisarkPointerRe   arkostracker2_aky_c.pre.s
          032D  _Videopac_Subsong0DisarkByteRegi   arkostracker2_aky_c.pre.s
          032E  _Videopac_Subsong0DisarkPointerR   arkostracker2_aky_c.pre.s
          032E  Videopac_Subsong0DisarkByteRegio   arkostracker2_aky_c.pre.s
          0330  Videopac_Subsong0DisarkPointerRe   arkostracker2_aky_c.pre.s
          0330  _Videopac_Subsong0DisarkByteRegi   arkostracker2_aky_c.pre.s
          0331  _Videopac_Subsong0DisarkPointerR   arkostracker2_aky_c.pre.s
          0331  Videopac_Subsong0DisarkByteRegio   arkostracker2_aky_c.pre.s
          0333  Videopac_Subsong0DisarkPointerRe   arkostracker2_aky_c.pre.s
          0333  _Videopac_Subsong0DisarkByteRegi   arkostracker2_aky_c.pre.s
          0334  _Videopac_Subsong0DisarkPointerR   arkostracker2_aky_c.pre.s
          0334  Videopac_Subsong0DisarkByteRegio   arkostracker2_aky_c.pre.s
          0336  Videopac_Subsong0DisarkPointerRe   arkostracker2_aky_c.pre.s
          0336  _Videopac_Subsong0DisarkByteRegi   arkostracker2_aky_c.pre.s
          0337  Videopac_Subsong0DisarkByteRegio   arkostracker2_aky_c.pre.s
          0337  _Videopac_Subsong0DisarkPointerR   arkostracker2_aky_c.pre.s
          0339  Videopac_Subsong0DisarkPointerRe   arkostracker2_aky_c.pre.s
          0339  _Videopac_Subsong0DisarkByteRegi   arkostracker2_aky_c.pre.s
          033A  _Videopac_Subsong0DisarkPointerR   arkostracker2_aky_c.pre.s
ASxxxx Linker V05.00,  page 20.
Hexidecimal  [16-Bits]
[ Bank == rom ]

Area                       Addr        Size        Decimal Bytes (Attributes)
--------------------       ----        ----        ------- ----- ------------
.text                      0098        7C83 =       31875. bytes (REL,CON,CSEG)

         Value  Global                             Global Defined In Module
         -----  --------------------------------   ------------------------
          033A  Videopac_Subsong0DisarkByteRegio   arkostracker2_aky_c.pre.s
          033C  Videopac_Subsong0DisarkPointerRe   arkostracker2_aky_c.pre.s
          033C  _Videopac_Subsong0DisarkByteRegi   arkostracker2_aky_c.pre.s
          033D  _Videopac_Subsong0DisarkPointerR   arkostracker2_aky_c.pre.s
          033D  Videopac_Subsong0DisarkByteRegio   arkostracker2_aky_c.pre.s
          033F  Videopac_Subsong0DisarkPointerRe   arkostracker2_aky_c.pre.s
          033F  _Videopac_Subsong0DisarkByteRegi   arkostracker2_aky_c.pre.s
          0340  _Videopac_Subsong0DisarkPointerR   arkostracker2_aky_c.pre.s
          0340  Videopac_Subsong0DisarkByteRegio   arkostracker2_aky_c.pre.s
          0342  Videopac_Subsong0DisarkPointerRe   arkostracker2_aky_c.pre.s
          0342  _Videopac_Subsong0DisarkByteRegi   arkostracker2_aky_c.pre.s
          0343  _Videopac_Subsong0DisarkPointerR   arkostracker2_aky_c.pre.s
          0343  Videopac_Subsong0DisarkByteRegio   arkostracker2_aky_c.pre.s
          0345  Videopac_Subsong0DisarkPointerRe   arkostracker2_aky_c.pre.s
          0345  Videopac_Subsong0_Track_36         arkostracker2_aky_c.pre.s
          0345  _Videopac_Subsong0DisarkByteRegi   arkostracker2_aky_c.pre.s
          0346  _Videopac_Subsong0DisarkPointerR   arkostracker2_aky_c.pre.s
          0346  Videopac_Subsong0DisarkByteRegio   arkostracker2_aky_c.pre.s
          0348  Videopac_Subsong0DisarkPointerRe   arkostracker2_aky_c.pre.s
          0348  _Videopac_Subsong0DisarkByteRegi   arkostracker2_aky_c.pre.s
          0349  _Videopac_Subsong0DisarkPointerR   arkostracker2_aky_c.pre.s
          0349  Videopac_Subsong0DisarkByteRegio   arkostracker2_aky_c.pre.s
          034B  Videopac_Subsong0DisarkPointerRe   arkostracker2_aky_c.pre.s
          034B  _Videopac_Subsong0DisarkByteRegi   arkostracker2_aky_c.pre.s
          034C  _Videopac_Subsong0DisarkPointerR   arkostracker2_aky_c.pre.s
          034C  Videopac_Subsong0DisarkByteRegio   arkostracker2_aky_c.pre.s
          034E  Videopac_Subsong0DisarkPointerRe   arkostracker2_aky_c.pre.s
          034E  _Videopac_Subsong0DisarkByteRegi   arkostracker2_aky_c.pre.s
          034F  _Videopac_Subsong0DisarkPointerR   arkostracker2_aky_c.pre.s
          034F  Videopac_Subsong0DisarkByteRegio   arkostracker2_aky_c.pre.s
          0351  Videopac_Subsong0DisarkPointerRe   arkostracker2_aky_c.pre.s
          0351  _Videopac_Subsong0DisarkByteRegi   arkostracker2_aky_c.pre.s
          0352  _Videopac_Subsong0DisarkPointerR   arkostracker2_aky_c.pre.s
          0352  Videopac_Subsong0DisarkByteRegio   arkostracker2_aky_c.pre.s
          0354  Videopac_Subsong0DisarkPointerRe   arkostracker2_aky_c.pre.s
          0354  _Videopac_Subsong0DisarkByteRegi   arkostracker2_aky_c.pre.s
          0355  _Videopac_Subsong0DisarkPointerR   arkostracker2_aky_c.pre.s
          0355  Videopac_Subsong0DisarkByteRegio   arkostracker2_aky_c.pre.s
          0357  Videopac_Subsong0DisarkPointerRe   arkostracker2_aky_c.pre.s
          0357  _Videopac_Subsong0DisarkByteRegi   arkostracker2_aky_c.pre.s
          0358  _Videopac_Subsong0DisarkPointerR   arkostracker2_aky_c.pre.s
          0358  Videopac_Subsong0DisarkByteRegio   arkostracker2_aky_c.pre.s
          035A  Videopac_Subsong0DisarkPointerRe   arkostracker2_aky_c.pre.s
          035A  _Videopac_Subsong0DisarkByteRegi   arkostracker2_aky_c.pre.s
          035B  _Videopac_Subsong0DisarkPointerR   arkostracker2_aky_c.pre.s
          035B  Videopac_Subsong0DisarkByteRegio   arkostracker2_aky_c.pre.s
          035D  Videopac_Subsong0DisarkPointerRe   arkostracker2_aky_c.pre.s
          035D  _Videopac_Subsong0DisarkByteRegi   arkostracker2_aky_c.pre.s
          035E  _Videopac_Subsong0DisarkPointerR   arkostracker2_aky_c.pre.s
          035E  Videopac_Subsong0DisarkByteRegio   arkostracker2_aky_c.pre.s
ASxxxx Linker V05.00,  page 21.
Hexidecimal  [16-Bits]
[ Bank == rom ]

Area                       Addr        Size        Decimal Bytes (Attributes)
--------------------       ----        ----        ------- ----- ------------
.text                      0098        7C83 =       31875. bytes (REL,CON,CSEG)

         Value  Global                             Global Defined In Module
         -----  --------------------------------   ------------------------
          0360  Videopac_Subsong0DisarkPointerRe   arkostracker2_aky_c.pre.s
          0360  _Videopac_Subsong0DisarkByteRegi   arkostracker2_aky_c.pre.s
          0361  _Videopac_Subsong0DisarkPointerR   arkostracker2_aky_c.pre.s
          0361  Videopac_Subsong0DisarkByteRegio   arkostracker2_aky_c.pre.s
          0363  Videopac_Subsong0DisarkPointerRe   arkostracker2_aky_c.pre.s
          0363  _Videopac_Subsong0DisarkByteRegi   arkostracker2_aky_c.pre.s
          0364  _Videopac_Subsong0DisarkPointerR   arkostracker2_aky_c.pre.s
          0364  Videopac_Subsong0DisarkByteRegio   arkostracker2_aky_c.pre.s
          0366  Videopac_Subsong0DisarkPointerRe   arkostracker2_aky_c.pre.s
          0366  _Videopac_Subsong0DisarkByteRegi   arkostracker2_aky_c.pre.s
          0367  _Videopac_Subsong0DisarkPointerR   arkostracker2_aky_c.pre.s
          0367  Videopac_Subsong0DisarkByteRegio   arkostracker2_aky_c.pre.s
          0369  Videopac_Subsong0DisarkPointerRe   arkostracker2_aky_c.pre.s
          0369  _Videopac_Subsong0DisarkByteRegi   arkostracker2_aky_c.pre.s
          036A  _Videopac_Subsong0DisarkPointerR   arkostracker2_aky_c.pre.s
          036A  Videopac_Subsong0DisarkByteRegio   arkostracker2_aky_c.pre.s
          036C  Videopac_Subsong0DisarkPointerRe   arkostracker2_aky_c.pre.s
          036C  Videopac_Subsong0_Track_38         arkostracker2_aky_c.pre.s
          036C  _Videopac_Subsong0DisarkByteRegi   arkostracker2_aky_c.pre.s
          036D  _Videopac_Subsong0DisarkPointerR   arkostracker2_aky_c.pre.s
          036D  Videopac_Subsong0DisarkByteRegio   arkostracker2_aky_c.pre.s
          036F  Videopac_Subsong0DisarkPointerRe   arkostracker2_aky_c.pre.s
          036F  _Videopac_Subsong0DisarkByteRegi   arkostracker2_aky_c.pre.s
          0370  _Videopac_Subsong0DisarkPointerR   arkostracker2_aky_c.pre.s
          0370  Videopac_Subsong0DisarkByteRegio   arkostracker2_aky_c.pre.s
          0372  Videopac_Subsong0DisarkPointerRe   arkostracker2_aky_c.pre.s
          0372  _Videopac_Subsong0DisarkByteRegi   arkostracker2_aky_c.pre.s
          0373  _Videopac_Subsong0DisarkPointerR   arkostracker2_aky_c.pre.s
          0373  Videopac_Subsong0DisarkByteRegio   arkostracker2_aky_c.pre.s
          0375  Videopac_Subsong0DisarkPointerRe   arkostracker2_aky_c.pre.s
          0375  _Videopac_Subsong0DisarkByteRegi   arkostracker2_aky_c.pre.s
          0376  _Videopac_Subsong0DisarkPointerR   arkostracker2_aky_c.pre.s
          0376  Videopac_Subsong0DisarkByteRegio   arkostracker2_aky_c.pre.s
          0378  Videopac_Subsong0DisarkPointerRe   arkostracker2_aky_c.pre.s
          0378  _Videopac_Subsong0DisarkByteRegi   arkostracker2_aky_c.pre.s
          0379  _Videopac_Subsong0DisarkPointerR   arkostracker2_aky_c.pre.s
          0379  Videopac_Subsong0DisarkByteRegio   arkostracker2_aky_c.pre.s
          037B  Videopac_Subsong0DisarkPointerRe   arkostracker2_aky_c.pre.s
          037B  _Videopac_Subsong0DisarkByteRegi   arkostracker2_aky_c.pre.s
          037C  _Videopac_Subsong0DisarkPointerR   arkostracker2_aky_c.pre.s
          037C  Videopac_Subsong0DisarkByteRegio   arkostracker2_aky_c.pre.s
          037E  Videopac_Subsong0DisarkPointerRe   arkostracker2_aky_c.pre.s
          037E  _Videopac_Subsong0DisarkByteRegi   arkostracker2_aky_c.pre.s
          037F  _Videopac_Subsong0DisarkPointerR   arkostracker2_aky_c.pre.s
          037F  Videopac_Subsong0DisarkByteRegio   arkostracker2_aky_c.pre.s
          0381  Videopac_Subsong0DisarkPointerRe   arkostracker2_aky_c.pre.s
          0381  _Videopac_Subsong0DisarkByteRegi   arkostracker2_aky_c.pre.s
          0382  _Videopac_Subsong0DisarkPointerR   arkostracker2_aky_c.pre.s
          0382  Videopac_Subsong0DisarkByteRegio   arkostracker2_aky_c.pre.s
          0384  Videopac_Subsong0DisarkPointerRe   arkostracker2_aky_c.pre.s
ASxxxx Linker V05.00,  page 22.
Hexidecimal  [16-Bits]
[ Bank == rom ]

Area                       Addr        Size        Decimal Bytes (Attributes)
--------------------       ----        ----        ------- ----- ------------
.text                      0098        7C83 =       31875. bytes (REL,CON,CSEG)

         Value  Global                             Global Defined In Module
         -----  --------------------------------   ------------------------
          0384  _Videopac_Subsong0DisarkByteRegi   arkostracker2_aky_c.pre.s
          0385  _Videopac_Subsong0DisarkPointerR   arkostracker2_aky_c.pre.s
          0385  Videopac_Subsong0DisarkByteRegio   arkostracker2_aky_c.pre.s
          0387  Videopac_Subsong0DisarkPointerRe   arkostracker2_aky_c.pre.s
          0387  _Videopac_Subsong0DisarkByteRegi   arkostracker2_aky_c.pre.s
          0388  _Videopac_Subsong0DisarkPointerR   arkostracker2_aky_c.pre.s
          0388  Videopac_Subsong0DisarkByteRegio   arkostracker2_aky_c.pre.s
          038A  Videopac_Subsong0DisarkPointerRe   arkostracker2_aky_c.pre.s
          038A  _Videopac_Subsong0DisarkByteRegi   arkostracker2_aky_c.pre.s
          038B  _Videopac_Subsong0DisarkPointerR   arkostracker2_aky_c.pre.s
          038B  Videopac_Subsong0DisarkByteRegio   arkostracker2_aky_c.pre.s
          038D  Videopac_Subsong0DisarkPointerRe   arkostracker2_aky_c.pre.s
          038D  _Videopac_Subsong0DisarkByteRegi   arkostracker2_aky_c.pre.s
          038E  _Videopac_Subsong0DisarkPointerR   arkostracker2_aky_c.pre.s
          038E  Videopac_Subsong0DisarkByteRegio   arkostracker2_aky_c.pre.s
          0390  _Videopac_Subsong0DisarkByteRegi   arkostracker2_aky_c.pre.s
          0390  Videopac_Subsong0DisarkPointerRe   arkostracker2_aky_c.pre.s
          0391  _Videopac_Subsong0DisarkPointerR   arkostracker2_aky_c.pre.s
          0391  Videopac_Subsong0DisarkByteRegio   arkostracker2_aky_c.pre.s
          0393  Videopac_Subsong0DisarkPointerRe   arkostracker2_aky_c.pre.s
          0393  _Videopac_Subsong0DisarkByteRegi   arkostracker2_aky_c.pre.s
          0393  Videopac_Subsong0_Track_39         arkostracker2_aky_c.pre.s
          0394  _Videopac_Subsong0DisarkPointerR   arkostracker2_aky_c.pre.s
          0394  Videopac_Subsong0DisarkByteRegio   arkostracker2_aky_c.pre.s
          0396  Videopac_Subsong0DisarkPointerRe   arkostracker2_aky_c.pre.s
          0396  _Videopac_Subsong0DisarkByteRegi   arkostracker2_aky_c.pre.s
          0397  _Videopac_Subsong0DisarkPointerR   arkostracker2_aky_c.pre.s
          0397  Videopac_Subsong0DisarkByteRegio   arkostracker2_aky_c.pre.s
          0399  Videopac_Subsong0DisarkPointerRe   arkostracker2_aky_c.pre.s
          0399  _Videopac_Subsong0DisarkByteRegi   arkostracker2_aky_c.pre.s
          039A  _Videopac_Subsong0DisarkPointerR   arkostracker2_aky_c.pre.s
          039A  Videopac_Subsong0DisarkByteRegio   arkostracker2_aky_c.pre.s
          039C  Videopac_Subsong0DisarkPointerRe   arkostracker2_aky_c.pre.s
          039C  _Videopac_Subsong0DisarkByteRegi   arkostracker2_aky_c.pre.s
          039D  _Videopac_Subsong0DisarkPointerR   arkostracker2_aky_c.pre.s
          039D  Videopac_Subsong0DisarkByteRegio   arkostracker2_aky_c.pre.s
          039F  _Videopac_Subsong0DisarkByteRegi   arkostracker2_aky_c.pre.s
          039F  Videopac_Subsong0DisarkPointerRe   arkostracker2_aky_c.pre.s
          03A0  _Videopac_Subsong0DisarkPointerR   arkostracker2_aky_c.pre.s
          03A0  Videopac_Subsong0DisarkByteRegio   arkostracker2_aky_c.pre.s
          03A2  Videopac_Subsong0DisarkPointerRe   arkostracker2_aky_c.pre.s
          03A2  _Videopac_Subsong0DisarkByteRegi   arkostracker2_aky_c.pre.s
          03A3  _Videopac_Subsong0DisarkPointerR   arkostracker2_aky_c.pre.s
          03A3  Videopac_Subsong0DisarkByteRegio   arkostracker2_aky_c.pre.s
          03A5  Videopac_Subsong0DisarkPointerRe   arkostracker2_aky_c.pre.s
          03A5  _Videopac_Subsong0DisarkByteRegi   arkostracker2_aky_c.pre.s
          03A6  _Videopac_Subsong0DisarkPointerR   arkostracker2_aky_c.pre.s
          03A6  Videopac_Subsong0DisarkByteRegio   arkostracker2_aky_c.pre.s
          03A8  Videopac_Subsong0DisarkPointerRe   arkostracker2_aky_c.pre.s
          03A8  _Videopac_Subsong0DisarkByteRegi   arkostracker2_aky_c.pre.s
ASxxxx Linker V05.00,  page 23.
Hexidecimal  [16-Bits]
[ Bank == rom ]

Area                       Addr        Size        Decimal Bytes (Attributes)
--------------------       ----        ----        ------- ----- ------------
.text                      0098        7C83 =       31875. bytes (REL,CON,CSEG)

         Value  Global                             Global Defined In Module
         -----  --------------------------------   ------------------------
[...]
.0xe9                      E98A        0002 =           2. bytes (ABS,OVR,CSEG)

         Value  Global                             Global Defined In Module
         -----  --------------------------------   ------------------------
          E98A  ___Ranpos                          vec_rum_0xe9.c

ASxxxx Linker V05.00,  page 198.
Hexidecimal  [16-Bits]
[ Bank == page_ea ]

Area                       Addr        Size        Decimal Bytes (Attributes)
--------------------       ----        ----        ------- ----- ------------
.0xea                      EA3E        00B3 =         179. bytes (ABS,OVR,CSEG)

         Value  Global                             Global Defined In Module
         -----  --------------------------------   ------------------------
          EA3E  ___Rnd_Cone                        vec_rum_0xea.c
          EA5D  ___Dot_y                           vec_rum_0xea.c
          EA6D  ___Dot_py                          vec_rum_0xea.c
          EA7F  ___Draw_Pack                       vec_rum_0xea.c
          EA8D  ___Draw_Pack_py                    vec_rum_0xea.c
          EAA8  ___Print_Msg                       vec_rum_0xea.c
          EAB4  ___Draw_Score                      vec_rum_0xea.c
          EACF  ___Draw_Scores                     vec_rum_0xea.c
          EAF0  ___Wait_Bound                      vec_rum_0xea.c

ASxxxx Linker V05.00,  page 199.
Hexidecimal  [16-Bits]
[ Bank == page_f0 ]

Area                       Addr        Size        Decimal Bytes (Attributes)
--------------------       ----        ----        ------- ----- ------------
.0xf0                      F000        0001 =           1. bytes (ABS,OVR,CSEG)

         Value  Global                             Global Defined In Module
         -----  --------------------------------   ------------------------
          F000  ___Reset                           vec_rum_0xf0.c

ASxxxx Linker V05.00,  page 200.
Hexidecimal  [16-Bits]
[ Bank == page_f1 ]

Area                       Addr        Size        Decimal Bytes (Attributes)
--------------------       ----        ----        ------- ----- ------------
.0xf1                      F14C        00AD =         173. bytes (ABS,OVR,CSEG)

         Value  Global                             Global Defined In Module
         -----  --------------------------------   ------------------------
          F14C  ___Init_VIA                        vec_rum_0xf1.c
          F164  ___Init_OS_RAM                     vec_rum_0xf1.c
          F18B  ___Init_OS                         vec_rum_0xf1.c
          F192  ___Wait_Recal                      vec_rum_0xf1.c
          F1AA  ___DP_to_D0                        vec_rum_0xf1.c
          F1AF  ___DP_to_C8                        vec_rum_0xf1.c
          F1B4  ___Read_Btns_Mask                  vec_rum_0xf1.c
          F1BA  ___Read_Btns                       vec_rum_0xf1.c
          F1F5  ___Joy_Analog                      vec_rum_0xf1.c
          F1F8  ___Joy_Digital                     vec_rum_0xf1.c

ASxxxx Linker V05.00,  page 201.
Hexidecimal  [16-Bits]
[ Bank == page_f2 ]

Area                       Addr        Size        Decimal Bytes (Attributes)
--------------------       ----        ----        ------- ----- ------------
.0xf2                      F256        00A7 =         167. bytes (ABS,OVR,CSEG)

         Value  Global                             Global Defined In Module
         -----  --------------------------------   ------------------------
          F256  ___Sound_Byte                      vec_rum_0xf2.c
          F259  ___Sound_Byte_x                    vec_rum_0xf2.c
          F272  ___Clear_Sound                     vec_rum_0xf2.c
          F27D  ___Sound_Bytes                     vec_rum_0xf2.c
          F284  ___Sound_Bytes_x                   vec_rum_0xf2.c
          F289  ___Do_Sound                        vec_rum_0xf2.c
          F28C  ___Do_Sound_x                      vec_rum_0xf2.c
          F29D  ___Intensity_1F                    vec_rum_0xf2.c
          F2A1  ___Intensity_3F                    vec_rum_0xf2.c
          F2A5  ___Intensity_5F                    vec_rum_0xf2.c
          F2A9  ___Intensity_7F                    vec_rum_0xf2.c
          F2AB  ___Intensity_a                     vec_rum_0xf2.c
          F2BE  ___Dot_ix_b                        vec_rum_0xf2.c
          F2C1  ___Dot_ix                          vec_rum_0xf2.c
          F2C3  ___Dot_d                           vec_rum_0xf2.c
          F2C5  ___Dot_here                        vec_rum_0xf2.c
          F2D5  ___Dot_List                        vec_rum_0xf2.c
          F2DE  ___Dot_List_Reset                  vec_rum_0xf2.c
          F2E6  ___Recalibrate                     vec_rum_0xf2.c
          F2F2  ___Moveto_x_7F                     vec_rum_0xf2.c
          F2FC  ___Moveto_d_7F                     vec_rum_0xf2.c

ASxxxx Linker V05.00,  page 202.
Hexidecimal  [16-Bits]
[ Bank == page_f3 ]

Area                       Addr        Size        Decimal Bytes (Attributes)
--------------------       ----        ----        ------- ----- ------------
.0xf3                      F308        00D8 =         216. bytes (ABS,OVR,CSEG)

         Value  Global                             Global Defined In Module
         -----  --------------------------------   ------------------------
          F308  ___Moveto_ix_FF                    vec_rum_0xf3.c
          F30C  ___Moveto_ix_7F                    vec_rum_0xf3.c
          F30E  ___Moveto_ix_b                     vec_rum_0xf3.c
          F310  ___Moveto_ix                       vec_rum_0xf3.c
          F312  ___Moveto_d                        vec_rum_0xf3.c
          F34A  ___Reset0Ref_D0                    vec_rum_0xf3.c
          F34F  ___Check0Ref                       vec_rum_0xf3.c
          F354  ___Reset0Ref                       vec_rum_0xf3.c
          F35B  ___Reset_Pen                       vec_rum_0xf3.c
          F36B  ___Reset0Int                       vec_rum_0xf3.c
          F373  ___Print_Str_hwyx                  vec_rum_0xf3.c
          F378  ___Print_Str_yx                    vec_rum_0xf3.c
          F37A  ___Print_Str_d                     vec_rum_0xf3.c
          F385  ___Print_List_hw                   vec_rum_0xf3.c
          F38A  ___Print_List                      vec_rum_0xf3.c
          F38C  ___Print_List_chk                  vec_rum_0xf3.c
          F391  ___Print_Ships_x                   vec_rum_0xf3.c
          F393  ___Print_Ships                     vec_rum_0xf3.c
          F3AD  ___Mov_Draw_VLc_a                  vec_rum_0xf3.c
          F3B1  ___Mov_Draw_VL_b                   vec_rum_0xf3.c
          F3B5  ___Mov_Draw_VLcs                   vec_rum_0xf3.c
          F3B7  ___Mov_Draw_VL_ab                  vec_rum_0xf3.c
          F3B9  ___Mov_Draw_VL_a                   vec_rum_0xf3.c
          F3BC  ___Mov_Draw_VL                     vec_rum_0xf3.c
          F3BE  ___Mov_Draw_VL_d                   vec_rum_0xf3.c
          F3CE  ___Draw_VLc                        vec_rum_0xf3.c
          F3D2  ___Draw_VL_b                       vec_rum_0xf3.c
          F3D6  ___Draw_VLcs                       vec_rum_0xf3.c
          F3D8  ___Draw_VL_ab                      vec_rum_0xf3.c
          F3DA  ___Draw_VL_a                       vec_rum_0xf3.c
          F3DD  ___Draw_VL                         vec_rum_0xf3.c
          F3DF  ___Draw_Line_d                     vec_rum_0xf3.c
ASxxxx Linker V05.00,  page 203.
Hexidecimal  [16-Bits]
[ Bank == page_f4 ]

Area                       Addr        Size        Decimal Bytes (Attributes)
--------------------       ----        ----        ------- ----- ------------
.0xf4                      F404        0095 =         149. bytes (ABS,OVR,CSEG)

         Value  Global                             Global Defined In Module
         -----  --------------------------------   ------------------------
          F404  ___Draw_VLp_FF                     vec_rum_0xf4.c
          F408  ___Draw_VLp_7F                     vec_rum_0xf4.c
          F40C  ___Draw_VLp_scale                  vec_rum_0xf4.c
          F40E  ___Draw_VLp_b                      vec_rum_0xf4.c
          F410  ___Draw_VLp                        vec_rum_0xf4.c
          F433  ___Draw_Pat_VL_aa                  vec_rum_0xf4.c
          F434  ___Draw_Pat_VL_a                   vec_rum_0xf4.c
          F437  ___Draw_Pat_VL                     vec_rum_0xf4.c
          F439  ___Draw_Pat_VL_d                   vec_rum_0xf4.c
          F46E  ___Draw_VL_mode                    vec_rum_0xf4.c
          F495  ___Print_Str                       vec_rum_0xf4.c
          F498  ___Print_MRast                     vec_rum_0xf4.c
ASxxxx Linker V05.00,  page 204.
Hexidecimal  [16-Bits]
[ Bank == page_f5 ]

Area                       Addr        Size        Decimal Bytes (Attributes)
--------------------       ----        ----        ------- ----- ------------
.0xf5                      F511        00EF =         239. bytes (ABS,OVR,CSEG)

         Value  Global                             Global Defined In Module
         -----  --------------------------------   ------------------------
          F511  ___Random_3                        vec_rum_0xf5.c
          F517  ___Random                          vec_rum_0xf5.c
          F533  ___Init_Music_Buf                  vec_rum_0xf5.c
          F53F  ___Clear_x_b                       vec_rum_0xf5.c
          F542  ___Clear_C8_RAM                    vec_rum_0xf5.c
          F545  ___Clear_x_256                     vec_rum_0xf5.c
          F548  ___Clear_x_d                       vec_rum_0xf5.c
          F550  ___Clear_x_b_80                    vec_rum_0xf5.c
          F552  ___Clear_x_b_a                     vec_rum_0xf5.c
          F55A  ___Dec_3_Counters                  vec_rum_0xf5.c
          F55E  ___Dec_6_Counters                  vec_rum_0xf5.c
          F563  ___Dec_Counters                    vec_rum_0xf5.c
          F56D  ___Delay_3                         vec_rum_0xf5.c
          F571  ___Delay_2                         vec_rum_0xf5.c
          F575  ___Delay_1                         vec_rum_0xf5.c
          F579  ___Delay_0                         vec_rum_0xf5.c
          F57A  ___Delay_b                         vec_rum_0xf5.c
          F57D  ___Delay_RTS                       vec_rum_0xf5.c
          F57E  ___Bitmask_a                       vec_rum_0xf5.c
          F584  ___Abs_a_b                         vec_rum_0xf5.c
          F58B  ___Abs_b                           vec_rum_0xf5.c
          F593  ___Rise_Run_Angle                  vec_rum_0xf5.c
          F5D9  ___Get_Rise_Idx                    vec_rum_0xf5.c
          F5DB  ___Xform_Sin                       vec_rum_0xf5.c
          F5EF  ___Get_Rise_Run                    vec_rum_0xf5.c
          F5FF  ___Rise_Run_X                      vec_rum_0xf5.c

ASxxxx Linker V05.00,  page 205.
Hexidecimal  [16-Bits]
[ Bank == page_f6 ]

Area                       Addr        Size        Decimal Bytes (Attributes)
--------------------       ----        ----        ------- ----- ------------
.0xf6                      F601        0092 =         146. bytes (ABS,OVR,CSEG)

         Value  Global                             Global Defined In Module
         -----  --------------------------------   ------------------------
          F601  ___Rise_Run_Y                      vec_rum_0xf6.c
          F603  ___Rise_Run_Len                    vec_rum_0xf6.c
          F610  ___Rot_VL_ab                       vec_rum_0xf6.c
          F613  ___Rot_VL_Diff                     vec_rum_0xf6.c
          F616  ___Rot_VL                          vec_rum_0xf6.c
          F61F  ___Rot_VL_Mode                     vec_rum_0xf6.c
          F622  ___Rot_VL_Pack                     vec_rum_0xf6.c
          F62B  ___Rot_VL_M_dft                    vec_rum_0xf6.c
          F65B  ___Xform_Run_a                     vec_rum_0xf6.c
          F65D  ___Xform_Run                       vec_rum_0xf6.c
          F661  ___Xform_Rise_a                    vec_rum_0xf6.c
          F663  ___Xform_Rise                      vec_rum_0xf6.c
          F67F  ___Move_Mem_a_1                    vec_rum_0xf6.c
          F683  ___Move_Mem_a                      vec_rum_0xf6.c
          F687  ___Init_Music_chk                  vec_rum_0xf6.c
          F68D  ___Init_Music                      vec_rum_0xf6.c
          F690  ___Init_Music_a                    vec_rum_0xf6.c
          F692  ___Init_Music_x                    vec_rum_0xf6.c

ASxxxx Linker V05.00,  page 206.
Hexidecimal  [16-Bits]
[ Bank == page_f7 ]

Area                       Addr        Size        Decimal Bytes (Attributes)
--------------------       ----        ----        ------- ----- ------------
.0xf7                      F742        0068 =         104. bytes (ABS,OVR,CSEG)

         Value  Global                             Global Defined In Module
         -----  --------------------------------   ------------------------
          F742  ___Stop_Sound                      vec_rum_0xf7.c
          F7A9  ___Select_Game                     vec_rum_0xf7.c

ASxxxx Linker V05.00,  page 207.
Hexidecimal  [16-Bits]
[ Bank == page_f8 ]

Area                       Addr        Size        Decimal Bytes (Attributes)
--------------------       ----        ----        ------- ----- ------------
.0xf8                      F835        00CB =         203. bytes (ABS,OVR,CSEG)

         Value  Global                             Global Defined In Module
         -----  --------------------------------   ------------------------
          F835  ___Display_Option                  vec_rum_0xf8.c
          F84F  ___Clear_Score                     vec_rum_0xf8.c
          F85E  ___Add_Score_a                     vec_rum_0xf8.c
          F87C  ___Add_Score_d                     vec_rum_0xf8.c
          F8B7  ___Strip_Zeros                     vec_rum_0xf8.c
          F8C7  ___Compare_Score                   vec_rum_0xf8.c
          F8D8  ___New_High_Score                  vec_rum_0xf8.c
          F8E5  ___Obj_Will_Hit_u                  vec_rum_0xf8.c
          F8F3  ___Obj_Will_Hit                    vec_rum_0xf8.c
          F8FF  ___Obj_Hit                         vec_rum_0xf8.c

ASxxxx Linker V05.00,  page 208.
Hexidecimal  [16-Bits]
[ Bank == page_f9 ]

Area                       Addr        Size        Decimal Bytes (Attributes)
--------------------       ----        ----        ------- ----- ------------
.0xf9                      F92E        009D =         157. bytes (ABS,OVR,CSEG)

         Value  Global                             Global Defined In Module
         -----  --------------------------------   ------------------------
          F92E  ___Explosion_Snd                   vec_rum_0xf9.c
          F9CA  ___Set_Amp                         vec_rum_0xf9.c

ASxxxx Linker V05.00,  page 209.
Hexidecimal  [16-Bits]
[ Bank == page_ffx ]

Area                       Addr        Size        Decimal Bytes (Attributes)
--------------------       ----        ----        ------- ----- ------------
.0xffx                     FF9F        0001 =           1. bytes (ABS,OVR,CSEG)

         Value  Global                             Global Defined In Module
         -----  --------------------------------   ------------------------
          FF9F  ___Draw_Grid_VL                    vec_rum_0xff.c

ASxxxx Linker V05.00,  page 210.

Files Linked                              [ module(s) ]

C:\Dev\Vide\C\PeerC\vectrex\lib\crt0.rel  [ crt0.c ]
C:\Dev\Vide\projects\Telengard\build\lib  [ arkostracker2_aky_c.pre.s ]
C:\Dev\Vide\projects\Telengard\build\lib  [ ayfxplayer.s ]
C:\Dev\Vide\projects\Telengard\build\lib  [ cartridge.enr.c ]
C:\Dev\Vide\projects\Telengard\build\lib  [ flash.asx.s ]
C:\Dev\Vide\projects\Telengard\build\lib  [ float40.enr.c ]
C:\Dev\Vide\projects\Telengard\build\lib  [ floating40Bit.s ]
C:\Dev\Vide\projects\Telengard\build\lib  [ main.enr.c ]
C:\Dev\Vide\projects\Telengard\build\lib  [ string.enr.c ]
C:\Dev\Vide\projects\Telengard\build\lib  [ throne.asx.s ]
C:\Dev\Vide\projects\Telengard\build\lib  [ titleScenario.s ]
C:\Dev\Vide\projects\Telengard\build\lib  [ vlists.asx.s ]
C:\Dev\Vide\C\PeerC\vectrex\lib\static\v  [ vec_ram_0xc8_0.c ]
C:\Dev\Vide\C\PeerC\vectrex\lib\static\v  [ vec_ram_0xc8_1.c ]
C:\Dev\Vide\C\PeerC\vectrex\lib\static\v  [ vec_ram_0xc8_2.c ]
C:\Dev\Vide\C\PeerC\vectrex\lib\static\v  [ vec_ram_0xcb_0.c ]
C:\Dev\Vide\C\PeerC\vectrex\lib\static\v  [ vec_ram_0xcb_1.c ]
C:\Dev\Vide\C\PeerC\vectrex\lib\static\v  [ vec_ram_0xcb_2.c ]
C:\Dev\Vide\C\PeerC\vectrex\lib\static\v  [ vec_ram_0xcb_3.c ]
C:\Dev\Vide\C\PeerC\vectrex\lib\static\v  [ vec_ram_0xd0_0.c ]
C:\Dev\Vide\C\PeerC\vectrex\lib\static\v  [ vec_ram_0xd0_1.c ]
C:\Dev\Vide\C\PeerC\vectrex\lib\static\v  [ vec_ram_dpc8_0.c ]
C:\Dev\Vide\C\PeerC\vectrex\lib\static\v  [ vec_ram_dpc8_1.c ]
C:\Dev\Vide\C\PeerC\vectrex\lib\static\v  [ vec_ram_dpc8_2.c ]
C:\Dev\Vide\C\PeerC\vectrex\lib\static\v  [ vec_ram_dpcb_0.c ]
C:\Dev\Vide\C\PeerC\vectrex\lib\static\v  [ vec_ram_dpcb_1.c ]
C:\Dev\Vide\C\PeerC\vectrex\lib\static\v  [ vec_ram_dpcb_2.c ]
C:\Dev\Vide\C\PeerC\vectrex\lib\static\v  [ vec_ram_dpcb_3.c ]
C:\Dev\Vide\C\PeerC\vectrex\lib\static\v  [ vec_ram_dpd0_0.c ]
C:\Dev\Vide\C\PeerC\vectrex\lib\static\v  [ vec_ram_dpd0_1.c ]
C:\Dev\Vide\C\PeerC\vectrex\lib\static\v  [ vec_rom_0xed_0.c ]
C:\Dev\Vide\C\PeerC\vectrex\lib\static\v  [ vec_rom_0xfc_0.c ]
C:\Dev\Vide\C\PeerC\vectrex\lib\static\v  [ vec_rom_0xfd_0.c ]
C:\Dev\Vide\C\PeerC\vectrex\lib\static\v  [ vec_rom_0xfe_0.c ]
C:\Dev\Vide\C\PeerC\vectrex\lib\static\v  [ vec_rom_0xfe_1.c ]
C:\Dev\Vide\C\PeerC\vectrex\lib\static\v  [ vec_rom_0xff_0.c ]
C:\Dev\Vide\C\PeerC\vectrex\lib\static\v  [ vec_rom_dped_0.c ]
C:\Dev\Vide\C\PeerC\vectrex\lib\static\v  [ vec_rom_dpfc_0.c ]
C:\Dev\Vide\C\PeerC\vectrex\lib\static\v  [ vec_rom_dpfd_0.c ]
C:\Dev\Vide\C\PeerC\vectrex\lib\static\v  [ vec_rom_dpfe_0.c ]
C:\Dev\Vide\C\PeerC\vectrex\lib\static\v  [ vec_rom_dpfe_1.c ]
C:\Dev\Vide\C\PeerC\vectrex\lib\static\v  [ vec_rom_dpff_0.c ]
C:\Dev\Vide\C\PeerC\vectrex\lib\static\v  [ vec_rum_0xe7.c ]
C:\Dev\Vide\C\PeerC\vectrex\lib\static\v  [ vec_rum_0xe9.c ]
C:\Dev\Vide\C\PeerC\vectrex\lib\static\v  [ vec_rum_0xea.c ]
C:\Dev\Vide\C\PeerC\vectrex\lib\static\v  [ vec_rum_0xf0.c ]
C:\Dev\Vide\C\PeerC\vectrex\lib\static\v  [ vec_rum_0xf1.c ]
C:\Dev\Vide\C\PeerC\vectrex\lib\static\v  [ vec_rum_0xf2.c ]
C:\Dev\Vide\C\PeerC\vectrex\lib\static\v  [ vec_rum_0xf3.c ]
C:\Dev\Vide\C\PeerC\vectrex\lib\static\v  [ vec_rum_0xf4.c ]
C:\Dev\Vide\C\PeerC\vectrex\lib\static\v  [ vec_rum_0xf5.c ]
C:\Dev\Vide\C\PeerC\vectrex\lib\static\v  [ vec_rum_0xf6.c ]
C:\Dev\Vide\C\PeerC\vectrex\lib\static\v  [ vec_rum_0xf7.c ]
C:\Dev\Vide\C\PeerC\vectrex\lib\static\v  [ vec_rum_0xf8.c ]
C:\Dev\Vide\C\PeerC\vectrex\lib\static\v  [ vec_rum_0xf9.c ]
C:\Dev\Vide\C\PeerC\vectrex\lib\static\v  [ vec_rum_0xff.c ]


Libraries Linked                          [ object file ]

C:\Dev\Vide\C\PeerC\vectrex\lib\rum.lib   [ ./rum/vec_rum_14_05_Intensity_a. ]
C:\Dev\Vide\C\PeerC\vectrex\lib\libgcc.l  [ ./libgcc/_umodhi3.o ]
C:\Dev\Vide\C\PeerC\vectrex\lib\rum.lib   [ ./rum/vec_rum_12_06_Do_Sound.rel ]
C:\Dev\Vide\C\PeerC\vectrex\lib\rum.lib   [ ./rum/vec_rum_05_02_03_Print_Str ]
C:\Dev\Vide\C\PeerC\vectrex\lib\libgcc.l  [ ./libgcc/_mulhi3.o ]
C:\Dev\Vide\C\PeerC\vectrex\lib\gcc.lib   [ ./gcc/gcc_abort.rel ]
C:\Dev\Vide\C\PeerC\vectrex\lib\rum.lib   [ ./rum/vec_rum_13_07_Moveto_d.rel ]
C:\Dev\Vide\C\PeerC\vectrex\lib\libgcc.l  [ ./libgcc/_euclid.o ]


